###############################################################################
#                                                                             #
# IAR ELF Linker V6.30.1.53127/W32 for ARM              11/May/2019  19:39:10 #
# Copyright 2007-2011 IAR Systems AB.                                         #
#                                                                             #
#    Output file  =  G:\¾«³Ï¹«Ë¾\ÏîÄ¿-Ðí²©Ô´\STM32Ô¶³ÌÉý¼¶\STM32_IAP\0---UCOS #
#                    II¹«°æ2019.01.22\Project\EWARMv6\Flash\Exe\stm32-f1.out  #
#    Map file     =  G:\¾«³Ï¹«Ë¾\ÏîÄ¿-Ðí²©Ô´\STM32Ô¶³ÌÉý¼¶\STM32_IAP\0---UCOS #
#                    II¹«°æ2019.01.22\Project\EWARMv6\Flash\List\stm32-f1.map #
#    Command line =  G:\¾«³Ï¹«Ë¾\ÏîÄ¿-Ðí²©Ô´\STM32Ô¶³ÌÉý¼¶\STM32_IAP\0---UCOS #
#                    II¹«°æ2019.01.22\Project\EWARMv6\Flash\Obj\GW3761_2013.o #
#                     G:\¾«³Ï¹«Ë¾\ÏîÄ¿-Ðí²©Ô´\STM32Ô¶³ÌÉý¼¶\STM32_IAP\0---UCO #
#                    SII¹«°æ2019.01.22\Project\EWARMv6\Flash\Obj\GateWayInit. #
#                    o G:\¾«³Ï¹«Ë¾\ÏîÄ¿-Ðí²©Ô´\STM32Ô¶³ÌÉý¼¶\STM32_IAP\0---UC #
#                    OSII¹«°æ2019.01.22\Project\EWARMv6\Flash\Obj\GateWayRese #
#                    t.o G:\¾«³Ï¹«Ë¾\ÏîÄ¿-Ðí²©Ô´\STM32Ô¶³ÌÉý¼¶\STM32_IAP\0--- #
#                    UCOSII¹«°æ2019.01.22\Project\EWARMv6\Flash\Obj\GateWayTa #
#                    skQueue.o G:\¾«³Ï¹«Ë¾\ÏîÄ¿-Ðí²©Ô´\STM32Ô¶³ÌÉý¼¶\STM32_IA #
#                    P\0---UCOSII¹«°æ2019.01.22\Project\EWARMv6\Flash\Obj\Gat #
#                    eWayTemp.o G:\¾«³Ï¹«Ë¾\ÏîÄ¿-Ðí²©Ô´\STM32Ô¶³ÌÉý¼¶\STM32_I #
#                    AP\0---UCOSII¹«°æ2019.01.22\Project\EWARMv6\Flash\Obj\Ga #
#                    teWayVariable.o G:\¾«³Ï¹«Ë¾\ÏîÄ¿-Ðí²©Ô´\STM32Ô¶³ÌÉý¼¶\ST #
#                    M32_IAP\0---UCOSII¹«°æ2019.01.22\Project\EWARMv6\Flash\O #
#                    bj\LoRaProtocol.o G:\¾«³Ï¹«Ë¾\ÏîÄ¿-Ðí²©Ô´\STM32Ô¶³ÌÉý¼¶\ #
#                    STM32_IAP\0---UCOSII¹«°æ2019.01.22\Project\EWARMv6\Flash #
#                    \Obj\LoraNetTask.o G:\¾«³Ï¹«Ë¾\ÏîÄ¿-Ðí²©Ô´\STM32Ô¶³ÌÉý¼¶ #
#                    \STM32_IAP\0---UCOSII¹«°æ2019.01.22\Project\EWARMv6\Flas #
#                    h\Obj\Math_Lib.o G:\¾«³Ï¹«Ë¾\ÏîÄ¿-Ðí²©Ô´\STM32Ô¶³ÌÉý¼¶\S #
#                    TM32_IAP\0---UCOSII¹«°æ2019.01.22\Project\EWARMv6\Flash\ #
#                    Obj\MeterLib.o G:\¾«³Ï¹«Ë¾\ÏîÄ¿-Ðí²©Ô´\STM32Ô¶³ÌÉý¼¶\STM #
#                    32_IAP\0---UCOSII¹«°æ2019.01.22\Project\EWARMv6\Flash\Ob #
#                    j\N720MessageQueues.o G:\¾«³Ï¹«Ë¾\ÏîÄ¿-Ðí²©Ô´\STM32Ô¶³ÌÉ #
#                    ý¼¶\STM32_IAP\0---UCOSII¹«°æ2019.01.22\Project\EWARMv6\F #
#                    lash\Obj\N720task.o G:\¾«³Ï¹«Ë¾\ÏîÄ¿-Ðí²©Ô´\STM32Ô¶³ÌÉý¼ #
#                    ¶\STM32_IAP\0---UCOSII¹«°æ2019.01.22\Project\EWARMv6\Fla #
#                    sh\Obj\State.o G:\¾«³Ï¹«Ë¾\ÏîÄ¿-Ðí²©Ô´\STM32Ô¶³ÌÉý¼¶\STM #
#                    32_IAP\0---UCOSII¹«°æ2019.01.22\Project\EWARMv6\Flash\Ob #
#                    j\Sx1278_LoRa.o G:\¾«³Ï¹«Ë¾\ÏîÄ¿-Ðí²©Ô´\STM32Ô¶³ÌÉý¼¶\ST #
#                    M32_IAP\0---UCOSII¹«°æ2019.01.22\Project\EWARMv6\Flash\O #
#                    bj\Sx1278_LoRaMisc.o G:\¾«³Ï¹«Ë¾\ÏîÄ¿-Ðí²©Ô´\STM32Ô¶³ÌÉý #
#                    ¼¶\STM32_IAP\0---UCOSII¹«°æ2019.01.22\Project\EWARMv6\Fl #
#                    ash\Obj\Sx1278_Spi.o G:\¾«³Ï¹«Ë¾\ÏîÄ¿-Ðí²©Ô´\STM32Ô¶³ÌÉý #
#                    ¼¶\STM32_IAP\0---UCOSII¹«°æ2019.01.22\Project\EWARMv6\Fl #
#                    ash\Obj\Tcp4GComm.o G:\¾«³Ï¹«Ë¾\ÏîÄ¿-Ðí²©Ô´\STM32Ô¶³ÌÉý¼ #
#                    ¶\STM32_IAP\0---UCOSII¹«°æ2019.01.22\Project\EWARMv6\Fla #
#                    sh\Obj\ZLG_Queue.o G:\¾«³Ï¹«Ë¾\ÏîÄ¿-Ðí²©Ô´\STM32Ô¶³ÌÉý¼¶ #
#                    \STM32_IAP\0---UCOSII¹«°æ2019.01.22\Project\EWARMv6\Flas #
#                    h\Obj\app.o G:\¾«³Ï¹«Ë¾\ÏîÄ¿-Ðí²©Ô´\STM32Ô¶³ÌÉý¼¶\STM32_ #
#                    IAP\0---UCOSII¹«°æ2019.01.22\Project\EWARMv6\Flash\Obj\a #
#                    pp_hooks.o G:\¾«³Ï¹«Ë¾\ÏîÄ¿-Ðí²©Ô´\STM32Ô¶³ÌÉý¼¶\STM32_I #
#                    AP\0---UCOSII¹«°æ2019.01.22\Project\EWARMv6\Flash\Obj\bs #
#                    p.o G:\¾«³Ï¹«Ë¾\ÏîÄ¿-Ðí²©Ô´\STM32Ô¶³ÌÉý¼¶\STM32_IAP\0--- #
#                    UCOSII¹«°æ2019.01.22\Project\EWARMv6\Flash\Obj\bsp_IAP.o #
#                     G:\¾«³Ï¹«Ë¾\ÏîÄ¿-Ðí²©Ô´\STM32Ô¶³ÌÉý¼¶\STM32_IAP\0---UCO #
#                    SII¹«°æ2019.01.22\Project\EWARMv6\Flash\Obj\bsp_N720_J.o #
#                     G:\¾«³Ï¹«Ë¾\ÏîÄ¿-Ðí²©Ô´\STM32Ô¶³ÌÉý¼¶\STM32_IAP\0---UCO #
#                    SII¹«°æ2019.01.22\Project\EWARMv6\Flash\Obj\bsp_Rs8025t_ #
#                    J.o G:\¾«³Ï¹«Ë¾\ÏîÄ¿-Ðí²©Ô´\STM32Ô¶³ÌÉý¼¶\STM32_IAP\0--- #
#                    UCOSII¹«°æ2019.01.22\Project\EWARMv6\Flash\Obj\bsp_ZLG_I #
#                    IC_J.o G:\¾«³Ï¹«Ë¾\ÏîÄ¿-Ðí²©Ô´\STM32Ô¶³ÌÉý¼¶\STM32_IAP\0 #
#                    ---UCOSII¹«°æ2019.01.22\Project\EWARMv6\Flash\Obj\bsp_cp #
#                    u_flash.o G:\¾«³Ï¹«Ë¾\ÏîÄ¿-Ðí²©Ô´\STM32Ô¶³ÌÉý¼¶\STM32_IA #
#                    P\0---UCOSII¹«°æ2019.01.22\Project\EWARMv6\Flash\Obj\bsp #
#                    _fsmc_sram.o G:\¾«³Ï¹«Ë¾\ÏîÄ¿-Ðí²©Ô´\STM32Ô¶³ÌÉý¼¶\STM32 #
#                    _IAP\0---UCOSII¹«°æ2019.01.22\Project\EWARMv6\Flash\Obj\ #
#                    bsp_key.o G:\¾«³Ï¹«Ë¾\ÏîÄ¿-Ðí²©Ô´\STM32Ô¶³ÌÉý¼¶\STM32_IA #
#                    P\0---UCOSII¹«°æ2019.01.22\Project\EWARMv6\Flash\Obj\bsp #
#                    _led.o G:\¾«³Ï¹«Ë¾\ÏîÄ¿-Ðí²©Ô´\STM32Ô¶³ÌÉý¼¶\STM32_IAP\0 #
#                    ---UCOSII¹«°æ2019.01.22\Project\EWARMv6\Flash\Obj\bsp_sp #
#                    i_flash_fire.o G:\¾«³Ï¹«Ë¾\ÏîÄ¿-Ðí²©Ô´\STM32Ô¶³ÌÉý¼¶\STM #
#                    32_IAP\0---UCOSII¹«°æ2019.01.22\Project\EWARMv6\Flash\Ob #
#                    j\bsp_sram_fire.o G:\¾«³Ï¹«Ë¾\ÏîÄ¿-Ðí²©Ô´\STM32Ô¶³ÌÉý¼¶\ #
#                    STM32_IAP\0---UCOSII¹«°æ2019.01.22\Project\EWARMv6\Flash #
#                    \Obj\bsp_temperature_J.o G:\¾«³Ï¹«Ë¾\ÏîÄ¿-Ðí²©Ô´\STM32Ô¶ #
#                    ³ÌÉý¼¶\STM32_IAP\0---UCOSII¹«°æ2019.01.22\Project\EWARMv #
#                    6\Flash\Obj\bsp_tim_pwm.o G:\¾«³Ï¹«Ë¾\ÏîÄ¿-Ðí²©Ô´\STM32Ô #
#                    ¶³ÌÉý¼¶\STM32_IAP\0---UCOSII¹«°æ2019.01.22\Project\EWARM #
#                    v6\Flash\Obj\bsp_timer.o G:\¾«³Ï¹«Ë¾\ÏîÄ¿-Ðí²©Ô´\STM32Ô¶ #
#                    ³ÌÉý¼¶\STM32_IAP\0---UCOSII¹«°æ2019.01.22\Project\EWARMv #
#                    6\Flash\Obj\bsp_uart_fifo.o                              #
#                    G:\¾«³Ï¹«Ë¾\ÏîÄ¿-Ðí²©Ô´\STM32Ô¶³ÌÉý¼¶\STM32_IAP\0---UCOS #
#                    II¹«°æ2019.01.22\Project\EWARMv6\Flash\Obj\cJSON.o       #
#                    G:\¾«³Ï¹«Ë¾\ÏîÄ¿-Ðí²©Ô´\STM32Ô¶³ÌÉý¼¶\STM32_IAP\0---UCOS #
#                    II¹«°æ2019.01.22\Project\EWARMv6\Flash\Obj\ccsbcs.o      #
#                    G:\¾«³Ï¹«Ë¾\ÏîÄ¿-Ðí²©Ô´\STM32Ô¶³ÌÉý¼¶\STM32_IAP\0---UCOS #
#                    II¹«°æ2019.01.22\Project\EWARMv6\Flash\Obj\cpu_a.o       #
#                    G:\¾«³Ï¹«Ë¾\ÏîÄ¿-Ðí²©Ô´\STM32Ô¶³ÌÉý¼¶\STM32_IAP\0---UCOS #
#                    II¹«°æ2019.01.22\Project\EWARMv6\Flash\Obj\cpu_bsp.o     #
#                    G:\¾«³Ï¹«Ë¾\ÏîÄ¿-Ðí²©Ô´\STM32Ô¶³ÌÉý¼¶\STM32_IAP\0---UCOS #
#                    II¹«°æ2019.01.22\Project\EWARMv6\Flash\Obj\cpu_c.o       #
#                    G:\¾«³Ï¹«Ë¾\ÏîÄ¿-Ðí²©Ô´\STM32Ô¶³ÌÉý¼¶\STM32_IAP\0---UCOS #
#                    II¹«°æ2019.01.22\Project\EWARMv6\Flash\Obj\cpu_core.o    #
#                    G:\¾«³Ï¹«Ë¾\ÏîÄ¿-Ðí²©Ô´\STM32Ô¶³ÌÉý¼¶\STM32_IAP\0---UCOS #
#                    II¹«°æ2019.01.22\Project\EWARMv6\Flash\Obj\diskio.o      #
#                    G:\¾«³Ï¹«Ë¾\ÏîÄ¿-Ðí²©Ô´\STM32Ô¶³ÌÉý¼¶\STM32_IAP\0---UCOS #
#                    II¹«°æ2019.01.22\Project\EWARMv6\Flash\Obj\ff.o          #
#                    G:\¾«³Ï¹«Ë¾\ÏîÄ¿-Ðí²©Ô´\STM32Ô¶³ÌÉý¼¶\STM32_IAP\0---UCOS #
#                    II¹«°æ2019.01.22\Project\EWARMv6\Flash\Obj\lib_ascii.o   #
#                    G:\¾«³Ï¹«Ë¾\ÏîÄ¿-Ðí²©Ô´\STM32Ô¶³ÌÉý¼¶\STM32_IAP\0---UCOS #
#                    II¹«°æ2019.01.22\Project\EWARMv6\Flash\Obj\lib_math.o    #
#                    G:\¾«³Ï¹«Ë¾\ÏîÄ¿-Ðí²©Ô´\STM32Ô¶³ÌÉý¼¶\STM32_IAP\0---UCOS #
#                    II¹«°æ2019.01.22\Project\EWARMv6\Flash\Obj\lib_mem.o     #
#                    G:\¾«³Ï¹«Ë¾\ÏîÄ¿-Ðí²©Ô´\STM32Ô¶³ÌÉý¼¶\STM32_IAP\0---UCOS #
#                    II¹«°æ2019.01.22\Project\EWARMv6\Flash\Obj\lib_mem_a.o   #
#                    G:\¾«³Ï¹«Ë¾\ÏîÄ¿-Ðí²©Ô´\STM32Ô¶³ÌÉý¼¶\STM32_IAP\0---UCOS #
#                    II¹«°æ2019.01.22\Project\EWARMv6\Flash\Obj\lib_str.o     #
#                    G:\¾«³Ï¹«Ë¾\ÏîÄ¿-Ðí²©Ô´\STM32Ô¶³ÌÉý¼¶\STM32_IAP\0---UCOS #
#                    II¹«°æ2019.01.22\Project\EWARMv6\Flash\Obj\misc.o        #
#                    G:\¾«³Ï¹«Ë¾\ÏîÄ¿-Ðí²©Ô´\STM32Ô¶³ÌÉý¼¶\STM32_IAP\0---UCOS #
#                    II¹«°æ2019.01.22\Project\EWARMv6\Flash\Obj\os_core.o     #
#                    G:\¾«³Ï¹«Ë¾\ÏîÄ¿-Ðí²©Ô´\STM32Ô¶³ÌÉý¼¶\STM32_IAP\0---UCOS #
#                    II¹«°æ2019.01.22\Project\EWARMv6\Flash\Obj\os_cpu_a.o    #
#                    G:\¾«³Ï¹«Ë¾\ÏîÄ¿-Ðí²©Ô´\STM32Ô¶³ÌÉý¼¶\STM32_IAP\0---UCOS #
#                    II¹«°æ2019.01.22\Project\EWARMv6\Flash\Obj\os_cpu_c.o    #
#                    G:\¾«³Ï¹«Ë¾\ÏîÄ¿-Ðí²©Ô´\STM32Ô¶³ÌÉý¼¶\STM32_IAP\0---UCOS #
#                    II¹«°æ2019.01.22\Project\EWARMv6\Flash\Obj\os_dbg.o      #
#                    G:\¾«³Ï¹«Ë¾\ÏîÄ¿-Ðí²©Ô´\STM32Ô¶³ÌÉý¼¶\STM32_IAP\0---UCOS #
#                    II¹«°æ2019.01.22\Project\EWARMv6\Flash\Obj\os_flag.o     #
#                    G:\¾«³Ï¹«Ë¾\ÏîÄ¿-Ðí²©Ô´\STM32Ô¶³ÌÉý¼¶\STM32_IAP\0---UCOS #
#                    II¹«°æ2019.01.22\Project\EWARMv6\Flash\Obj\os_mbox.o     #
#                    G:\¾«³Ï¹«Ë¾\ÏîÄ¿-Ðí²©Ô´\STM32Ô¶³ÌÉý¼¶\STM32_IAP\0---UCOS #
#                    II¹«°æ2019.01.22\Project\EWARMv6\Flash\Obj\os_mem.o      #
#                    G:\¾«³Ï¹«Ë¾\ÏîÄ¿-Ðí²©Ô´\STM32Ô¶³ÌÉý¼¶\STM32_IAP\0---UCOS #
#                    II¹«°æ2019.01.22\Project\EWARMv6\Flash\Obj\os_mutex.o    #
#                    G:\¾«³Ï¹«Ë¾\ÏîÄ¿-Ðí²©Ô´\STM32Ô¶³ÌÉý¼¶\STM32_IAP\0---UCOS #
#                    II¹«°æ2019.01.22\Project\EWARMv6\Flash\Obj\os_q.o        #
#                    G:\¾«³Ï¹«Ë¾\ÏîÄ¿-Ðí²©Ô´\STM32Ô¶³ÌÉý¼¶\STM32_IAP\0---UCOS #
#                    II¹«°æ2019.01.22\Project\EWARMv6\Flash\Obj\os_sem.o      #
#                    G:\¾«³Ï¹«Ë¾\ÏîÄ¿-Ðí²©Ô´\STM32Ô¶³ÌÉý¼¶\STM32_IAP\0---UCOS #
#                    II¹«°æ2019.01.22\Project\EWARMv6\Flash\Obj\os_task.o     #
#                    G:\¾«³Ï¹«Ë¾\ÏîÄ¿-Ðí²©Ô´\STM32Ô¶³ÌÉý¼¶\STM32_IAP\0---UCOS #
#                    II¹«°æ2019.01.22\Project\EWARMv6\Flash\Obj\os_time.o     #
#                    G:\¾«³Ï¹«Ë¾\ÏîÄ¿-Ðí²©Ô´\STM32Ô¶³ÌÉý¼¶\STM32_IAP\0---UCOS #
#                    II¹«°æ2019.01.22\Project\EWARMv6\Flash\Obj\os_tmr.o      #
#                    G:\¾«³Ï¹«Ë¾\ÏîÄ¿-Ðí²©Ô´\STM32Ô¶³ÌÉý¼¶\STM32_IAP\0---UCOS #
#                    II¹«°æ2019.01.22\Project\EWARMv6\Flash\Obj\startup_stm32 #
#                    f10x_hd.o G:\¾«³Ï¹«Ë¾\ÏîÄ¿-Ðí²©Ô´\STM32Ô¶³ÌÉý¼¶\STM32_IA #
#                    P\0---UCOSII¹«°æ2019.01.22\Project\EWARMv6\Flash\Obj\stm #
#                    32f10x_adc.o G:\¾«³Ï¹«Ë¾\ÏîÄ¿-Ðí²©Ô´\STM32Ô¶³ÌÉý¼¶\STM32 #
#                    _IAP\0---UCOSII¹«°æ2019.01.22\Project\EWARMv6\Flash\Obj\ #
#                    stm32f10x_assert.o G:\¾«³Ï¹«Ë¾\ÏîÄ¿-Ðí²©Ô´\STM32Ô¶³ÌÉý¼¶ #
#                    \STM32_IAP\0---UCOSII¹«°æ2019.01.22\Project\EWARMv6\Flas #
#                    h\Obj\stm32f10x_bkp.o G:\¾«³Ï¹«Ë¾\ÏîÄ¿-Ðí²©Ô´\STM32Ô¶³ÌÉ #
#                    ý¼¶\STM32_IAP\0---UCOSII¹«°æ2019.01.22\Project\EWARMv6\F #
#                    lash\Obj\stm32f10x_can.o G:\¾«³Ï¹«Ë¾\ÏîÄ¿-Ðí²©Ô´\STM32Ô¶ #
#                    ³ÌÉý¼¶\STM32_IAP\0---UCOSII¹«°æ2019.01.22\Project\EWARMv #
#                    6\Flash\Obj\stm32f10x_cec.o                              #
#                    G:\¾«³Ï¹«Ë¾\ÏîÄ¿-Ðí²©Ô´\STM32Ô¶³ÌÉý¼¶\STM32_IAP\0---UCOS #
#                    II¹«°æ2019.01.22\Project\EWARMv6\Flash\Obj\stm32f10x_crc #
#                    .o G:\¾«³Ï¹«Ë¾\ÏîÄ¿-Ðí²©Ô´\STM32Ô¶³ÌÉý¼¶\STM32_IAP\0---U #
#                    COSII¹«°æ2019.01.22\Project\EWARMv6\Flash\Obj\stm32f10x_ #
#                    dac.o G:\¾«³Ï¹«Ë¾\ÏîÄ¿-Ðí²©Ô´\STM32Ô¶³ÌÉý¼¶\STM32_IAP\0- #
#                    --UCOSII¹«°æ2019.01.22\Project\EWARMv6\Flash\Obj\stm32f1 #
#                    0x_dbgmcu.o G:\¾«³Ï¹«Ë¾\ÏîÄ¿-Ðí²©Ô´\STM32Ô¶³ÌÉý¼¶\STM32_ #
#                    IAP\0---UCOSII¹«°æ2019.01.22\Project\EWARMv6\Flash\Obj\s #
#                    tm32f10x_dma.o G:\¾«³Ï¹«Ë¾\ÏîÄ¿-Ðí²©Ô´\STM32Ô¶³ÌÉý¼¶\STM #
#                    32_IAP\0---UCOSII¹«°æ2019.01.22\Project\EWARMv6\Flash\Ob #
#                    j\stm32f10x_exti.o G:\¾«³Ï¹«Ë¾\ÏîÄ¿-Ðí²©Ô´\STM32Ô¶³ÌÉý¼¶ #
#                    \STM32_IAP\0---UCOSII¹«°æ2019.01.22\Project\EWARMv6\Flas #
#                    h\Obj\stm32f10x_flash.o G:\¾«³Ï¹«Ë¾\ÏîÄ¿-Ðí²©Ô´\STM32Ô¶³ #
#                    ÌÉý¼¶\STM32_IAP\0---UCOSII¹«°æ2019.01.22\Project\EWARMv6 #
#                    \Flash\Obj\stm32f10x_fsmc.o                              #
#                    G:\¾«³Ï¹«Ë¾\ÏîÄ¿-Ðí²©Ô´\STM32Ô¶³ÌÉý¼¶\STM32_IAP\0---UCOS #
#                    II¹«°æ2019.01.22\Project\EWARMv6\Flash\Obj\stm32f10x_gpi #
#                    o.o G:\¾«³Ï¹«Ë¾\ÏîÄ¿-Ðí²©Ô´\STM32Ô¶³ÌÉý¼¶\STM32_IAP\0--- #
#                    UCOSII¹«°æ2019.01.22\Project\EWARMv6\Flash\Obj\stm32f10x #
#                    _i2c.o G:\¾«³Ï¹«Ë¾\ÏîÄ¿-Ðí²©Ô´\STM32Ô¶³ÌÉý¼¶\STM32_IAP\0 #
#                    ---UCOSII¹«°æ2019.01.22\Project\EWARMv6\Flash\Obj\stm32f #
#                    10x_it.o G:\¾«³Ï¹«Ë¾\ÏîÄ¿-Ðí²©Ô´\STM32Ô¶³ÌÉý¼¶\STM32_IAP #
#                    \0---UCOSII¹«°æ2019.01.22\Project\EWARMv6\Flash\Obj\stm3 #
#                    2f10x_iwdg.o G:\¾«³Ï¹«Ë¾\ÏîÄ¿-Ðí²©Ô´\STM32Ô¶³ÌÉý¼¶\STM32 #
#                    _IAP\0---UCOSII¹«°æ2019.01.22\Project\EWARMv6\Flash\Obj\ #
#                    stm32f10x_pwr.o G:\¾«³Ï¹«Ë¾\ÏîÄ¿-Ðí²©Ô´\STM32Ô¶³ÌÉý¼¶\ST #
#                    M32_IAP\0---UCOSII¹«°æ2019.01.22\Project\EWARMv6\Flash\O #
#                    bj\stm32f10x_rcc.o G:\¾«³Ï¹«Ë¾\ÏîÄ¿-Ðí²©Ô´\STM32Ô¶³ÌÉý¼¶ #
#                    \STM32_IAP\0---UCOSII¹«°æ2019.01.22\Project\EWARMv6\Flas #
#                    h\Obj\stm32f10x_rtc.o G:\¾«³Ï¹«Ë¾\ÏîÄ¿-Ðí²©Ô´\STM32Ô¶³ÌÉ #
#                    ý¼¶\STM32_IAP\0---UCOSII¹«°æ2019.01.22\Project\EWARMv6\F #
#                    lash\Obj\stm32f10x_sdio.o G:\¾«³Ï¹«Ë¾\ÏîÄ¿-Ðí²©Ô´\STM32Ô #
#                    ¶³ÌÉý¼¶\STM32_IAP\0---UCOSII¹«°æ2019.01.22\Project\EWARM #
#                    v6\Flash\Obj\stm32f10x_spi.o                             #
#                    G:\¾«³Ï¹«Ë¾\ÏîÄ¿-Ðí²©Ô´\STM32Ô¶³ÌÉý¼¶\STM32_IAP\0---UCOS #
#                    II¹«°æ2019.01.22\Project\EWARMv6\Flash\Obj\stm32f10x_tim #
#                    .o G:\¾«³Ï¹«Ë¾\ÏîÄ¿-Ðí²©Ô´\STM32Ô¶³ÌÉý¼¶\STM32_IAP\0---U #
#                    COSII¹«°æ2019.01.22\Project\EWARMv6\Flash\Obj\stm32f10x_ #
#                    usart.o G:\¾«³Ï¹«Ë¾\ÏîÄ¿-Ðí²©Ô´\STM32Ô¶³ÌÉý¼¶\STM32_IAP\ #
#                    0---UCOSII¹«°æ2019.01.22\Project\EWARMv6\Flash\Obj\syste #
#                    m_stm32f10x.o -o G:\¾«³Ï¹«Ë¾\ÏîÄ¿-Ðí²©Ô´\STM32Ô¶³ÌÉý¼¶\S #
#                    TM32_IAP\0---UCOSII¹«°æ2019.01.22\Project\EWARMv6\Flash\ #
#                    Exe\stm32-f1.out --map G:\¾«³Ï¹«Ë¾\ÏîÄ¿-Ðí²©Ô´\STM32Ô¶³Ì #
#                    Éý¼¶\STM32_IAP\0---UCOSII¹«°æ2019.01.22\Project\EWARMv6\ #
#                    Flash\List\stm32-f1.map --config                         #
#                    G:\¾«³Ï¹«Ë¾\ÏîÄ¿-Ðí²©Ô´\STM32Ô¶³ÌÉý¼¶\STM32_IAP\0---UCOS #
#                    II¹«°æ2019.01.22\Project\EWARMv6\stm32f10x_flash.icf     #
#                    --semihosting --entry __iar_program_start --vfe          #
#                                                                             #
#                                                                             #
###############################################################################

*******************************************************************************
*** RUNTIME MODEL ATTRIBUTES
***

CppFlavor                     = *
__Heap_Handler                = Basic
__SystemLibrary               = DLib
__dlib_dynamic_initialization = normal


*******************************************************************************
*** PLACEMENT SUMMARY
***

"A1":  place at 0x08010800 { ro section .intvec };
"A2":  place at 0x20000000 { block CSTACK, block HEAP };
"P1":  place in [from 0x08010800 to 0x0807ffff] { ro };
"P2":  place in [from 0x20000000 to 0x2000ffff] { rw };
"P3":  place in [from 0x68000000 to 0x680fffff] { rw section _exram };

  Section             Kind        Address     Size  Object
  -------             ----        -------     ----  ------
"A1":                                        0x130
  .intvec             ro code  0x08010800    0x130  startup_stm32f10x_hd.o [1]
                             - 0x08010930    0x130

"P1":                                      0x11dac
  .text               ro code  0x08010930   0x28a8  ff.o [1]
  .text               ro code  0x080131d8    0x15c  diskio.o [1]
  .text               ro code  0x08013334     0xc4  ccsbcs.o [1]
  .text               ro code  0x080133f8    0x47c  bsp_spi_flash_fire.o [1]
  .text               ro code  0x08013874    0x158  stm32f10x_rcc.o [1]
  .text               ro code  0x080139cc    0x1b4  stm32f10x_gpio.o [1]
  .text               ro code  0x08013b80     0x7c  stm32f10x_spi.o [1]
  .text               ro code  0x08013bfc     0x24  printf.o [3]
  .text               ro code  0x08013c20    0xb5e  xprintflarge_nomb.o [3]
  .text               ro code  0x0801477e     0x2e  copy_init3.o [5]
  .text               ro code  0x080147ac     0x16  strchr.o [5]
  .text               ro code  0x080147c2     0x22  zero_init3.o [5]
  .text               ro code  0x080147e4     0x36  strlen.o [5]
  .text               ro code  0x0801481a     0x1e  xsscin.o [3]
  .text               ro code  0x08014838     0x58  memchr.o [5]
  .text               ro code  0x08014890     0xee  I64DivMod.o [5]
  .text               ro code  0x0801497e     0x1a  xsnprout.o [3]
  .text               ro code  0x08014998     0x76  ABImemcpy.o [5]
  .text               ro code  0x08014a0e     0x44  xdnorm.o [4]
  .rodata             const    0x08014a52      0x2  bsp_N720_J.o [1]
  .text               ro code  0x08014a54     0x2e  DblCmpLe.o [4]
  .rodata             const    0x08014a82      0x2  os_dbg.o [1]
  .text               ro code  0x08014a84    0x1a2  DblMul.o [4]
  .rodata             const    0x08014c26      0x2  os_dbg.o [1]
  .text               ro code  0x08014c28    0x246  DblDiv.o [4]
  .rodata             const    0x08014e6e      0x2  os_dbg.o [1]
  .text               ro code  0x08014e70     0x58  DblToI32.o [4]
  .text               ro code  0x08014ec8     0x30  I32ToDbl.o [4]
  .text               ro code  0x08014ef8    0x180  DblSub.o [4]
  .text               ro code  0x08015078     0x6c  localeconv.o [3]
  .text               ro code  0x080150e4      0xe  div.o [3]
  .rodata             const    0x080150f2      0x2  os_dbg.o [1]
  .text               ro code  0x080150f4      0x2  I64DivZer.o [5]
  .rodata             const    0x080150f6      0x2  os_dbg.o [1]
  .text               ro code  0x080150f8     0xe8  DblAdd.o [4]
  .text               ro code  0x080151e0      0x2  xtls.o [3]
  .rodata             const    0x080151e2      0x2  os_dbg.o [1]
  .text               ro code  0x080151e4   0x12c4  GW3761_2013.o [1]
  .text               ro code  0x080164a8     0x16  cJSON.o [1]
  .rodata             const    0x080164be      0x2  os_dbg.o [1]
  .text               ro code  0x080164c0    0x14c  Math_Lib.o [1]
  .text               ro code  0x0801660c    0x22a  bsp_Rs8025t_J.o [1]
  .rodata             const    0x08016836      0x2  os_dbg.o [1]
  .text               ro code  0x08016838    0x31c  bsp_ZLG_IIC_J.o [1]
  .text               ro code  0x08016b54     0xcc  stm32f10x_exti.o [1]
  .text               ro code  0x08016c20     0x88  misc.o [1]
  CODE                ro code  0x08016ca8     0xac  os_cpu_a.o [1]
  .text               ro code  0x08016d54    0xb24  bsp_N720_J.o [1]
  .text               ro code  0x08017878    0x78c  bsp_uart_fifo.o [1]
  .text               ro code  0x08018004    0x1b8  os_sem.o [1]
  .text               ro code  0x080181bc     0x10  bsp_N720_J.o [1]
  .text               ro code  0x080181cc      0x6  ABImemclr4.o [5]
  .rodata             const    0x080181d2      0x2  os_dbg.o [1]
  .text               ro code  0x080181d4     0x24  sscanf.o [3]
  .text               ro code  0x080181f8     0x44  snprintf.o [3]
  .text               ro code  0x0801823c    0x12c  bsp_cpu_flash.o [1]
  .text               ro code  0x08018368    0x1e0  stm32f10x_usart.o [1]
  .text               ro code  0x08018548    0x148  stm32f10x_tim.o [1]
  .text               ro code  0x08018690     0x3a  State.o [1]
  .rodata             const    0x080186ca      0x2  os_dbg.o [1]
  .text               ro code  0x080186cc    0x9c8  os_core.o [1]
  .text               ro code  0x08019094     0x2c  strstr.o [3]
  .text               ro code  0x080190c0     0x32  ABImemset48.o [5]
  .rodata             const    0x080190f2      0x2  os_dbg.o [1]
  .text               ro code  0x080190f4    0xa5c  xscanffull_nomb.o [3]
  .text               ro code  0x08019b50    0x152  stm32f10x_flash.o [1]
  .rodata             const    0x08019ca2      0x2  os_dbg.o [1]
  .text               ro code  0x08019ca4    0x158  os_cpu_c.o [1]
  .text               ro code  0x08019dfc    0x174  os_dbg.o [1]
  .text               ro code  0x08019f70     0xa0  os_time.o [1]
  .text               ro code  0x0801a010    0x580  os_task.o [1]
  .text               ro code  0x0801a590     0x28  isxxx.o [3]
  .text               ro code  0x0801a5b8     0xa2  xstoll.o [3]
  .rodata             const    0x0801a65a      0x2  os_dbg.o [1]
  .text               ro code  0x0801a65c    0x1c8  xstoull.o [3]
  .text               ro code  0x0801a824    0x150  xstold.o [4]
  .text               ro code  0x0801a974    0x11a  xdscale.o [4]
  .rodata             const    0x0801aa8e      0x2  os_dbg.o [1]
  .text               ro code  0x0801aa90     0x90  DblToFlt.o [4]
  .text               ro code  0x0801ab20     0x10  app_hooks.o [1]
  .text               ro code  0x0801ab30    0x180  bsp_timer.o [1]
  .text               ro code  0x0801acb0     0x18  setlocale.o [3]
  .text               ro code  0x0801acc8     0x16  xlocale_c.o [3]
  .text               ro code  0x0801acde     0x14  xlocale_c.o [3]
  .rodata             const    0x0801acf2      0x2  os_dbg.o [1]
  .text               ro code  0x0801acf4      0xc  errno.o [3]
  .text               ro code  0x0801ad00     0x14  tolower.o [3]
  .text               ro code  0x0801ad14    0x134  xstopfx.o [3]
  .text               ro code  0x0801ae48    0x1c0  xstoflt.o [3]
  .text               ro code  0x0801b008    0x1e0  xdtento.o [4]
  .text               ro code  0x0801b1e8    0x214  xstoxflt.o [3]
  .text               ro code  0x0801b3fc     0x9e  bsp.o [1]
  .text               ro code  0x0801b49a      0xc  xlocale_c.o [3]
  .rodata             const    0x0801b4a6      0x2  os_dbg.o [1]
  .text               ro code  0x0801b4a8     0x20  DblCmpEq.o [4]
  .text               ro code  0x0801b4c8    0x2f4  bsp_tim_pwm.o [1]
  .text               ro code  0x0801b7bc    0x134  bsp_led.o [1]
  .text               ro code  0x0801b8f0    0x318  Sx1278_LoRa.o [1]
  .text               ro code  0x0801bc08    0x194  bsp_temperature_J.o [1]
  .text               ro code  0x0801bd9c    0x408  GateWayVariable.o [1]
  .text               ro code  0x0801c1a4    0xa54  LoraNetTask.o [1]
  .text               ro code  0x0801cbf8     0xb0  N720MessageQueues.o [1]
  .text               ro code  0x0801cca8     0x2e  I32ToFlt.o [4]
  .rodata             const    0x0801ccd6      0x2  os_dbg.o [1]
  .text               ro code  0x0801ccd8     0xfc  FltDiv.o [4]
  .text               ro code  0x0801cdd4     0x44  FltToS32.o [4]
  .text               ro code  0x0801ce18    0x302  Sx1278_Spi.o [1]
  .rodata             const    0x0801d11a      0x2  os_dbg.o [1]
  .text               ro code  0x0801d11c    0x5ca  Sx1278_LoRaMisc.o [1]
  .rodata             const    0x0801d6e6      0x2  os_dbg.o [1]
  .text               ro code  0x0801d6e8    0x1f8  stm32f10x_dma.o [1]
  .text               ro code  0x0801d8e0    0x200  stm32f10x_adc.o [1]
  .text               ro code  0x0801dae0    0x1e6  os_mbox.o [1]
  .rodata             const    0x0801dcc6      0x2  os_dbg.o [1]
  .text               ro code  0x0801dcc8    0x234  MeterLib.o [1]
  .text               ro code  0x0801defc    0x8e4  LoRaProtocol.o [1]
  .text               ro code  0x0801e7e0     0x62  memcmp.o [5]
  .text               ro code  0x0801e842    0x11c  ZLG_Queue.o [1]
  .text               ro code  0x0801e95e     0x16  cJSON.o [1]
  .text               ro code  0x0801e974     0x66  ABImemset.o [5]
  .rodata             const    0x0801e9da      0x2  os_dbg.o [1]
  .text               ro code  0x0801e9dc    0x9a8  N720task.o [1]
  .text               ro code  0x0801f384     0x88  bsp_IAP.o [1]
  .text               ro code  0x0801f40c    0x11c  stm32f10x_fsmc.o [1]
  .text               ro code  0x0801f528    0x6a4  Tcp4GComm.o [1]
  .text               ro code  0x0801fbcc    0x494  GateWayInit.o [1]
  .rodata             const    0x08020060    0x3dc  ccsbcs.o [1]
  .rodata             const    0x0802043c    0x3dc  ccsbcs.o [1]
  .text               ro code  0x08020818    0x318  bsp_sram_fire.o [1]
  .text               ro code  0x08020b30    0x2a0  app.o [1]
  .text               ro code  0x08020dd0    0x158  cpu_core.o [1]
  CODE                ro code  0x08020f28     0x34  cpu_a.o [1]
  .text               ro code  0x08020f5c     0x86  lib_mem.o [1]
  .rodata             const    0x08020fe2      0x2  os_dbg.o [1]
  .text               ro code  0x08020fe4     0x44  cpu_bsp.o [1]
  .text               ro code  0x08021028    0x15c  system_stm32f10x.o [1]
  .text               ro code  0x08021184    0x104  stm32f10x_it.o [1]
  .rodata             const    0x08021288    0x100  ccsbcs.o [1]
  .rodata             const    0x08021388    0x100  os_core.o [1]
  .rodata             const    0x08021488     0x80  ff.o [1]
  .rodata             const    0x08021508     0x50  Sx1278_LoRaMisc.o [1]
  .rodata             const    0x08021558     0x50  Sx1278_LoRaMisc.o [1]
  .rodata             const    0x080215a8     0x3c  Sx1278_LoRa.o [1]
  .rodata             const    0x080215e4     0x3c  Sx1278_LoRa.o [1]
  .rodata             const    0x08021620     0x38  GateWayInit.o [1]
  .rodata             const    0x08021658     0x38  GateWayInit.o [1]
  .rodata             const    0x08021690     0x38  GateWayVariable.o [1]
  .rodata             const    0x080216c8     0x38  GateWayVariable.o [1]
  .rodata             const    0x08021700     0x34  GateWayVariable.o [1]
  .rodata             const    0x08021734     0x34  N720task.o [1]
  .rodata             const    0x08021768     0x34  N720task.o [1]
  .rodata             const    0x0802179c     0x34  bsp_spi_flash_fire.o [1]
  .rodata             const    0x080217d0     0x30  GateWayInit.o [1]
  .rodata             const    0x08021800     0x30  GateWayInit.o [1]
  .rodata             const    0x08021830     0x30  GateWayVariable.o [1]
  .rodata             const    0x08021860     0x30  N720task.o [1]
  .rodata             const    0x08021890     0x30  bsp_spi_flash_fire.o [1]
  .rodata             const    0x080218c0     0x2c  N720task.o [1]
  .rodata             const    0x080218ec     0x2c  N720task.o [1]
  .rodata             const    0x08021918     0x2c  stm32f10x_it.o [1]
  .text               ro code  0x08021944     0x2c  data_init3.o [5]
  .rodata             const    0x08021970     0x28  GateWayInit.o [1]
  .rodata             const    0x08021998     0x28  GateWayVariable.o [1]
  .rodata             const    0x080219c0     0x28  GateWayVariable.o [1]
  .rodata             const    0x080219e8     0x28  GateWayVariable.o [1]
  .rodata             const    0x08021a10     0x28  LoraNetTask.o [1]
  .rodata             const    0x08021a38     0x28  LoraNetTask.o [1]
  .rodata             const    0x08021a60     0x28  LoraNetTask.o [1]
  .rodata             const    0x08021a88     0x28  N720task.o [1]
  .rodata             const    0x08021ab0     0x28  N720task.o [1]
  .rodata             const    0x08021ad8     0x28  N720task.o [1]
  .rodata             const    0x08021b00     0x28  N720task.o [1]
  .rodata             const    0x08021b28     0x24  GateWayInit.o [1]
  .rodata             const    0x08021b4c     0x24  GateWayVariable.o [1]
  .rodata             const    0x08021b70     0x24  GateWayVariable.o [1]
  .rodata             const    0x08021b94     0x24  GateWayVariable.o [1]
  .rodata             const    0x08021bb8     0x24  GateWayVariable.o [1]
  .rodata             const    0x08021bdc     0x24  LoraNetTask.o [1]
  .rodata             const    0x08021c00     0x24  LoraNetTask.o [1]
  .rodata             const    0x08021c24     0x24  bsp_N720_J.o [1]
  .iar.init_table     const    0x08021c48     0x2c  - Linker created -
  .rodata             const    0x08021c74     0x20  GateWayInit.o [1]
  .rodata             const    0x08021c94     0x20  GateWayVariable.o [1]
  .rodata             const    0x08021cb4     0x20  GateWayVariable.o [1]
  .rodata             const    0x08021cd4     0x20  GateWayVariable.o [1]
  .rodata             const    0x08021cf4     0x20  GateWayVariable.o [1]
  .rodata             const    0x08021d14     0x20  N720task.o [1]
  .rodata             const    0x08021d34     0x20  bsp.o [1]
  .rodata             const    0x08021d54     0x1c  bsp_N720_J.o [1]
  .rodata             const    0x08021d70     0x1c  bsp_N720_J.o [1]
  .rodata             const    0x08021d8c     0x18  GateWayInit.o [1]
  .rodata             const    0x08021da4     0x18  GateWayInit.o [1]
  .rodata             const    0x08021dbc     0x18  GateWayVariable.o [1]
  .rodata             const    0x08021dd4     0x18  GateWayVariable.o [1]
  .rodata             const    0x08021dec     0x18  GateWayVariable.o [1]
  .rodata             const    0x08021e04     0x18  GateWayVariable.o [1]
  .rodata             const    0x08021e1c     0x18  GateWayVariable.o [1]
  .rodata             const    0x08021e34     0x18  GateWayVariable.o [1]
  .rodata             const    0x08021e4c     0x18  GateWayVariable.o [1]
  .rodata             const    0x08021e64     0x18  GateWayVariable.o [1]
  .rodata             const    0x08021e7c     0x18  GateWayVariable.o [1]
  .rodata             const    0x08021e94     0x18  Tcp4GComm.o [1]
  .rodata             const    0x08021eac     0x18  bsp_N720_J.o [1]
  .rodata             const    0x08021ec4     0x18  bsp_N720_J.o [1]
  .rodata             const    0x08021edc     0x18  bsp_N720_J.o [1]
  .rodata             const    0x08021ef4     0x18  ff.o [1]
  .rodata             const    0x08021f0c     0x18  ff.o [1]
  .text               ro code  0x08021f24     0x18  startup_stm32f10x_hd.o [1]
  .text               ro code  0x08021f3c     0x16  cmain.o [5]
  .text               ro code  0x08021f52      0x4  low_level_init.o [3]
  .text               ro code  0x08021f56      0x4  exit.o [3]
  .rodata             const    0x08021f5a      0x2  os_dbg.o [1]
  .text               ro code  0x08021f5c      0xa  cexit.o [5]
  .rodata             const    0x08021f66      0x2  os_dbg.o [1]
  .text               ro code  0x08021f68     0x14  exit.o [6]
  .text               ro code  0x08021f7c     0x16  xprout.o [3]
  .rodata             const    0x08021f92      0x2  os_dbg.o [1]
  .text               ro code  0x08021f94      0xc  putchar.o [3]
  .rodata             const    0x08021fa0     0x14  GateWayInit.o [1]
  .rodata             const    0x08021fb4     0x14  GateWayInit.o [1]
  .rodata             const    0x08021fc8     0x14  GateWayInit.o [1]
  .rodata             const    0x08021fdc     0x14  GateWayInit.o [1]
  .rodata             const    0x08021ff0     0x14  GateWayInit.o [1]
  .rodata             const    0x08022004     0x14  GateWayInit.o [1]
  .rodata             const    0x08022018     0x14  GateWayInit.o [1]
  .rodata             const    0x0802202c     0x14  GateWayInit.o [1]
  .rodata             const    0x08022040     0x14  GateWayInit.o [1]
  .rodata             const    0x08022054     0x14  GateWayInit.o [1]
  .rodata             const    0x08022068     0x14  GateWayInit.o [1]
  .rodata             const    0x0802207c     0x14  LoraNetTask.o [1]
  .rodata             const    0x08022090     0x14  app.o [1]
  .rodata             const    0x080220a4     0x14  app.o [1]
  .rodata             const    0x080220b8     0x14  app.o [1]
  .rodata             const    0x080220cc     0x14  bsp_N720_J.o [1]
  .rodata             const    0x080220e0     0x14  bsp_N720_J.o [1]
  .rodata             const    0x080220f4     0x14  bsp_N720_J.o [1]
  .rodata             const    0x08022108     0x14  ff.o [1]
  .rodata             const    0x0802211c     0x14  ff.o [1]
  .rodata             const    0x08022130     0x10  GateWayInit.o [1]
  .rodata             const    0x08022140     0x10  GateWayInit.o [1]
  .rodata             const    0x08022150     0x10  GateWayInit.o [1]
  .rodata             const    0x08022160     0x10  GateWayInit.o [1]
  .rodata             const    0x08022170     0x10  GateWayInit.o [1]
  .rodata             const    0x08022180     0x10  GateWayInit.o [1]
  .rodata             const    0x08022190     0x10  GateWayInit.o [1]
  .rodata             const    0x080221a0     0x10  GateWayInit.o [1]
  .rodata             const    0x080221b0     0x10  GateWayInit.o [1]
  .rodata             const    0x080221c0     0x10  GateWayInit.o [1]
  .rodata             const    0x080221d0     0x10  GateWayVariable.o [1]
  .rodata             const    0x080221e0     0x10  GateWayVariable.o [1]
  .rodata             const    0x080221f0     0x10  LoRaProtocol.o [1]
  .rodata             const    0x08022200     0x10  LoraNetTask.o [1]
  .rodata             const    0x08022210     0x10  LoraNetTask.o [1]
  .rodata             const    0x08022220     0x10  Sx1278_LoRa.o [1]
  .rodata             const    0x08022230     0x10  app.o [1]
  .rodata             const    0x08022240     0x10  app.o [1]
  .rodata             const    0x08022250     0x10  app.o [1]
  .rodata             const    0x08022260     0x10  app.o [1]
  .rodata             const    0x08022270     0x10  bsp_N720_J.o [1]
  .rodata             const    0x08022280     0x10  bsp_N720_J.o [1]
  .rodata             const    0x08022290     0x10  bsp_N720_J.o [1]
  .rodata             const    0x080222a0     0x10  bsp_N720_J.o [1]
  .rodata             const    0x080222b0     0x10  bsp_N720_J.o [1]
  .rodata             const    0x080222c0     0x10  bsp_N720_J.o [1]
  .rodata             const    0x080222d0     0x10  bsp_N720_J.o [1]
  .rodata             const    0x080222e0     0x10  ff.o [1]
  .rodata             const    0x080222f0     0x10  os_core.o [1]
  .rodata             const    0x08022300     0x10  os_core.o [1]
  .rodata             const    0x08022310      0xc  GateWayInit.o [1]
  .rodata             const    0x0802231c      0xc  GateWayInit.o [1]
  .rodata             const    0x08022328      0xc  LoraNetTask.o [1]
  .rodata             const    0x08022334      0xc  app.o [1]
  .rodata             const    0x08022340      0xc  bsp_N720_J.o [1]
  .rodata             const    0x0802234c      0xc  bsp_N720_J.o [1]
  .rodata             const    0x08022358      0xc  bsp_N720_J.o [1]
  .rodata             const    0x08022364      0xc  bsp_N720_J.o [1]
  .rodata             const    0x08022370      0xc  bsp_N720_J.o [1]
  .rodata             const    0x0802237c      0xc  bsp_N720_J.o [1]
  .rodata             const    0x08022388      0xc  bsp_N720_J.o [1]
  .rodata             const    0x08022394      0xc  bsp_N720_J.o [1]
  .rodata             const    0x080223a0      0xc  bsp_N720_J.o [1]
  .rodata             const    0x080223ac      0xc  bsp_N720_J.o [1]
  .rodata             const    0x080223b8      0xc  bsp_N720_J.o [1]
  .rodata             const    0x080223c4      0xc  bsp_N720_J.o [1]
  .rodata             const    0x080223d0      0xc  bsp_N720_J.o [1]
  .rodata             const    0x080223dc      0xc  bsp_N720_J.o [1]
  .rodata             const    0x080223e8      0xc  bsp_N720_J.o [1]
  .rodata             const    0x080223f4      0xc  ff.o [1]
  .rodata             const    0x08022400      0xc  ff.o [1]
  .rodata             const    0x0802240c      0xc  stm32f10x_it.o [1]
  .text               ro code  0x08022418      0xc  cstartup_M.o [5]
  .rodata             const    0x08022424      0x8  GateWayInit.o [1]
  .rodata             const    0x0802242c      0x8  GateWayInit.o [1]
  .rodata             const    0x08022434      0x8  GateWayInit.o [1]
  .rodata             const    0x0802243c      0x8  GateWayInit.o [1]
  .rodata             const    0x08022444      0x8  GateWayInit.o [1]
  .rodata             const    0x0802244c      0x8  GateWayInit.o [1]
  .rodata             const    0x08022454      0x8  GateWayInit.o [1]
  .rodata             const    0x0802245c      0x8  GateWayInit.o [1]
  .rodata             const    0x08022464      0x8  GateWayVariable.o [1]
  .rodata             const    0x0802246c      0x8  GateWayVariable.o [1]
  .rodata             const    0x08022474      0x8  GateWayVariable.o [1]
  .rodata             const    0x0802247c      0x8  Sx1278_LoRa.o [1]
  .rodata             const    0x08022484      0x8  Tcp4GComm.o [1]
  .rodata             const    0x0802248c      0x8  Tcp4GComm.o [1]
  .rodata             const    0x08022494      0x8  bsp_N720_J.o [1]
  .rodata             const    0x0802249c      0x8  bsp_N720_J.o [1]
  .rodata             const    0x080224a4      0x8  bsp_N720_J.o [1]
  .rodata             const    0x080224ac      0x8  bsp_N720_J.o [1]
  .rodata             const    0x080224b4      0x8  bsp_N720_J.o [1]
  .rodata             const    0x080224bc      0x8  bsp_N720_J.o [1]
  .rodata             const    0x080224c4      0x8  ff.o [1]
  .rodata             const    0x080224cc      0x4  os_dbg.o [1]
  .text               ro code  0x080224d0      0x4  startup_stm32f10x_hd.o [1]
  .text               ro code  0x080224d4      0x4  startup_stm32f10x_hd.o [1]
  .text               ro code  0x080224d8      0x4  startup_stm32f10x_hd.o [1]
  .text               ro code  0x080224dc      0x4  startup_stm32f10x_hd.o [1]
  .text               ro code  0x080224e0      0x4  startup_stm32f10x_hd.o [1]
  .text               ro code  0x080224e4      0x4  startup_stm32f10x_hd.o [1]
  .text               ro code  0x080224e8      0x4  startup_stm32f10x_hd.o [1]
  .text               ro code  0x080224ec      0x4  startup_stm32f10x_hd.o [1]
  .text               ro code  0x080224f0      0x4  startup_stm32f10x_hd.o [1]
  .text               ro code  0x080224f4      0x4  startup_stm32f10x_hd.o [1]
  .text               ro code  0x080224f8      0x4  startup_stm32f10x_hd.o [1]
  .text               ro code  0x080224fc      0x4  startup_stm32f10x_hd.o [1]
  .text               ro code  0x08022500      0x4  startup_stm32f10x_hd.o [1]
  .text               ro code  0x08022504      0x4  startup_stm32f10x_hd.o [1]
  .text               ro code  0x08022508      0x4  startup_stm32f10x_hd.o [1]
  .text               ro code  0x0802250c      0x4  startup_stm32f10x_hd.o [1]
  .text               ro code  0x08022510      0x4  startup_stm32f10x_hd.o [1]
  .text               ro code  0x08022514      0x4  startup_stm32f10x_hd.o [1]
  .text               ro code  0x08022518      0x4  startup_stm32f10x_hd.o [1]
  .text               ro code  0x0802251c      0x4  startup_stm32f10x_hd.o [1]
  .text               ro code  0x08022520      0x4  startup_stm32f10x_hd.o [1]
  .text               ro code  0x08022524      0x4  startup_stm32f10x_hd.o [1]
  .text               ro code  0x08022528      0x4  startup_stm32f10x_hd.o [1]
  .text               ro code  0x0802252c      0x4  startup_stm32f10x_hd.o [1]
  .text               ro code  0x08022530      0x4  startup_stm32f10x_hd.o [1]
  .text               ro code  0x08022534      0x4  startup_stm32f10x_hd.o [1]
  .text               ro code  0x08022538      0x4  startup_stm32f10x_hd.o [1]
  .text               ro code  0x0802253c      0x4  startup_stm32f10x_hd.o [1]
  .text               ro code  0x08022540      0x4  startup_stm32f10x_hd.o [1]
  .text               ro code  0x08022544      0x4  startup_stm32f10x_hd.o [1]
  .text               ro code  0x08022548      0x4  startup_stm32f10x_hd.o [1]
  .text               ro code  0x0802254c      0x4  startup_stm32f10x_hd.o [1]
  .text               ro code  0x08022550      0x4  startup_stm32f10x_hd.o [1]
  .text               ro code  0x08022554      0x4  startup_stm32f10x_hd.o [1]
  .text               ro code  0x08022558      0x4  startup_stm32f10x_hd.o [1]
  .text               ro code  0x0802255c      0x4  startup_stm32f10x_hd.o [1]
  .text               ro code  0x08022560      0x4  startup_stm32f10x_hd.o [1]
  .text               ro code  0x08022564      0x4  startup_stm32f10x_hd.o [1]
  .text               ro code  0x08022568      0x4  startup_stm32f10x_hd.o [1]
  .text               ro code  0x0802256c      0x4  startup_stm32f10x_hd.o [1]
  .text               ro code  0x08022570      0x4  startup_stm32f10x_hd.o [1]
  .text               ro code  0x08022574      0x4  startup_stm32f10x_hd.o [1]
  .text               ro code  0x08022578      0x4  startup_stm32f10x_hd.o [1]
  .text               ro code  0x0802257c      0x4  startup_stm32f10x_hd.o [1]
  .text               ro code  0x08022580      0x4  startup_stm32f10x_hd.o [1]
  .text               ro code  0x08022584      0x4  startup_stm32f10x_hd.o [1]
  .text               ro code  0x08022588      0x4  startup_stm32f10x_hd.o [1]
  .text               ro code  0x0802258c      0x4  startup_stm32f10x_hd.o [1]
  .text               ro code  0x08022590      0x4  startup_stm32f10x_hd.o [1]
  .text               ro code  0x08022594      0x4  startup_stm32f10x_hd.o [1]
  .text               ro code  0x08022598      0x4  startup_stm32f10x_hd.o [1]
  .text               ro code  0x0802259c      0x4  startup_stm32f10x_hd.o [1]
  .text               ro code  0x080225a0      0x4  startup_stm32f10x_hd.o [1]
  .text               ro code  0x080225a4      0x4  startup_stm32f10x_hd.o [1]
  .text               ro code  0x080225a8      0x4  startup_stm32f10x_hd.o [1]
  .text               ro code  0x080225ac      0x4  startup_stm32f10x_hd.o [1]
  .text               ro code  0x080225b0      0x4  startup_stm32f10x_hd.o [1]
  .text               ro code  0x080225b4      0x4  startup_stm32f10x_hd.o [1]
  .text               ro code  0x080225b8      0x4  startup_stm32f10x_hd.o [1]
  .text               ro code  0x080225bc      0x4  startup_stm32f10x_hd.o [1]
  .text               ro code  0x080225c0      0x4  startup_stm32f10x_hd.o [1]
  .text               ro code  0x080225c4      0x4  startup_stm32f10x_hd.o [1]
  .text               ro code  0x080225c8      0x4  startup_stm32f10x_hd.o [1]
  .text               ro code  0x080225cc      0x4  startup_stm32f10x_hd.o [1]
  .text               ro code  0x080225d0      0x4  startup_stm32f10x_hd.o [1]
  .text               ro code  0x080225d4      0x4  startup_stm32f10x_hd.o [1]
  .text               ro code  0x080225d8      0x4  startup_stm32f10x_hd.o [1]
  .text               ro code  0x080225dc      0x4  startup_stm32f10x_hd.o [1]
  .text               ro code  0x080225e0      0x4  startup_stm32f10x_hd.o [1]
  .rodata             const    0x080225e4      0x2  os_dbg.o [1]
  .rodata             const    0x080225e6      0x2  os_dbg.o [1]
  .rodata             const    0x080225e8      0x2  os_dbg.o [1]
  .rodata             const    0x080225ea      0x2  os_dbg.o [1]
  .rodata             const    0x080225ec      0x2  os_dbg.o [1]
  .rodata             const    0x080225ee      0x2  os_dbg.o [1]
  .rodata             const    0x080225f0      0x2  os_dbg.o [1]
  .rodata             const    0x080225f2      0x2  os_dbg.o [1]
  .rodata             const    0x080225f4      0x2  os_dbg.o [1]
  .rodata             const    0x080225f6      0x2  os_dbg.o [1]
  .rodata             const    0x080225f8      0x2  os_dbg.o [1]
  .rodata             const    0x080225fa      0x2  os_dbg.o [1]
  .rodata             const    0x080225fc      0x2  os_dbg.o [1]
  .rodata             const    0x080225fe      0x2  os_dbg.o [1]
  .rodata             const    0x08022600      0x2  os_dbg.o [1]
  .rodata             const    0x08022602      0x2  os_dbg.o [1]
  .rodata             const    0x08022604      0x2  os_dbg.o [1]
  .rodata             const    0x08022606      0x2  os_dbg.o [1]
  .rodata             const    0x08022608      0x2  os_dbg.o [1]
  .rodata             const    0x0802260a      0x2  os_dbg.o [1]
  .rodata             const    0x0802260c      0x2  os_dbg.o [1]
  .rodata             const    0x0802260e      0x2  os_dbg.o [1]
  .rodata             const    0x08022610      0x2  os_dbg.o [1]
  .rodata             const    0x08022612      0x2  os_dbg.o [1]
  .rodata             const    0x08022614      0x2  os_dbg.o [1]
  .rodata             const    0x08022616      0x2  os_dbg.o [1]
  .rodata             const    0x08022618      0x2  os_dbg.o [1]
  .rodata             const    0x0802261a      0x2  os_dbg.o [1]
  .rodata             const    0x0802261c      0x2  os_dbg.o [1]
  .rodata             const    0x0802261e      0x0  bwt_init3c.o [5]
  Initializer bytes   ro data  0x08022620     0xbc  <for P2 s0>
                             - 0x080226dc  0x11dac

"A2":                                       0x4000
  CSTACK                       0x20000000   0x4000  <Block>
    CSTACK            uninit   0x20000000   0x4000  <Block tail>
                             - 0x20004000   0x4000

"P2", part 1 of 2:                            0xbc
  P2 s0                        0x20004000     0xbc  <Init block>
    __DLIB_PERTHREAD  inited   0x20004000     0x50  localeconv.o [3]
    .data             inited   0x20004050     0x40  xfiles.o [3]
    .data             inited   0x20004090     0x10  stm32f10x_rcc.o [1]
    .data             inited   0x200040a0      0x4  Tcp4GComm.o [1]
    .data             inited   0x200040a4      0x4  bsp_spi_flash_fire.o [1]
    .data             inited   0x200040a8      0x4  stm32f10x_rcc.o [1]
    .data             inited   0x200040ac      0x4  system_stm32f10x.o [1]
    .data             inited   0x200040b0      0x2  N720task.o [1]
    .data             inited   0x200040b2      0x1  N720task.o [1]
    .data             inited   0x200040b3      0x1  N720task.o [1]
    .data             inited   0x200040b4      0x1  N720task.o [1]
    .data             inited   0x200040b5      0x1  Tcp4GComm.o [1]
    .data             inited   0x200040b6      0x1  Tcp4GComm.o [1]
    .data             inited   0x200040b7      0x1  Tcp4GComm.o [1]
    .data             inited   0x200040b8      0x1  Tcp4GComm.o [1]
                             - 0x200040bc     0xbc

"P2", part 2 of 2:                          0x5dec
  .bss                zero     0x200040bc    0x800  Tcp4GComm.o [1]
  .bss                zero     0x200048bc    0x800  bsp_uart_fifo.o [1]
  .bss                zero     0x200050bc    0x6e0  os_core.o [1]
  .bss                zero     0x2000579c    0x400  GateWayInit.o [1]
  .bss                zero     0x20005b9c    0x400  LoraNetTask.o [1]
  .bss                zero     0x20005f9c    0x400  LoraNetTask.o [1]
  .bss                zero     0x2000639c    0x400  LoraNetTask.o [1]
  .bss                zero     0x2000679c    0x400  N720task.o [1]
  .bss                zero     0x20006b9c    0x400  app.o [1]
  .bss                zero     0x20006f9c    0x400  bsp_uart_fifo.o [1]
  .bss                zero     0x2000739c    0x400  bsp_uart_fifo.o [1]
  .bss                zero     0x2000779c    0x400  bsp_uart_fifo.o [1]
  .bss                zero     0x20007b9c    0x400  bsp_uart_fifo.o [1]
  .bss                zero     0x20007f9c    0x400  bsp_uart_fifo.o [1]
  .bss                zero     0x2000839c    0x200  ff.o [1]
  .bss                zero     0x2000859c    0x200  os_core.o [1]
  .bss                zero     0x2000879c    0x200  os_core.o [1]
  .bss                zero     0x2000899c    0x200  os_cpu_c.o [1]
  .bss                zero     0x20008b9c    0x12c  bsp_N720_J.o [1]
  .bss                zero     0x20008cc8    0x104  GateWayVariable.o [1]
  .bss                zero     0x20008dcc    0x104  GateWayVariable.o [1]
  .bss                zero     0x20008ed0    0x104  Tcp4GComm.o [1]
  .bss                zero     0x20008fd4    0x104  Tcp4GComm.o [1]
  .bss                zero     0x200090d8    0x100  GW3761_2013.o [1]
  .bss                zero     0x200091d8    0x100  GateWayInit.o [1]
  .bss                zero     0x200092d8    0x100  N720task.o [1]
  .bss                zero     0x200093d8    0x100  bsp_N720_J.o [1]
  .bss                zero     0x200094d8    0x100  bsp_N720_J.o [1]
  .bss                zero     0x200095d8    0x100  bsp_N720_J.o [1]
  .bss                zero     0x200096d8    0x100  os_core.o [1]
  .bss                zero     0x200097d8     0xf0  os_core.o [1]
  .bss                zero     0x200098c8     0x84  LoraNetTask.o [1]
  .bss                zero     0x2000994c     0x80  LoraNetTask.o [1]
  __DLIB_PERTHREAD    zero     0x200099cc     0x74  setlocale.o [3]
  .bss                zero     0x20009a40     0x60  bsp_N720_J.o [1]
  .bss                zero     0x20009aa0     0x60  bsp_N720_J.o [1]
  .bss                zero     0x20009b00     0x50  xfiles.o [3]
  .bss                zero     0x20009b50     0x30  bsp_N720_J.o [1]
  .bss                zero     0x20009b80     0x30  bsp_timer.o [1]
  .bss                zero     0x20009bb0     0x2c  GateWayVariable.o [1]
  .bss                zero     0x20009bdc     0x28  bsp_uart_fifo.o [1]
  .bss                zero     0x20009c04     0x28  bsp_uart_fifo.o [1]
  .bss                zero     0x20009c2c     0x28  bsp_uart_fifo.o [1]
  .bss                zero     0x20009c54     0x20  LoraNetTask.o [1]
  .bss                zero     0x20009c74     0x20  LoraNetTask.o [1]
  .bss                zero     0x20009c94     0x20  LoraNetTask.o [1]
  .bss                zero     0x20009cb4     0x20  bsp_N720_J.o [1]
  .bss                zero     0x20009cd4     0x20  bsp_temperature_J.o [1]
  .bss                zero     0x20009cf4     0x18  bsp_N720_J.o [1]
  .bss                zero     0x20009d0c     0x18  bsp_N720_J.o [1]
  .bss                zero     0x20009d24     0x14  Sx1278_LoRa.o [1]
  .bss                zero     0x20009d38     0x10  bsp_N720_J.o [1]
  .bss                zero     0x20009d48     0x10  bsp_N720_J.o [1]
  .bss                zero     0x20009d58     0x10  bsp_N720_J.o [1]
  .bss                zero     0x20009d68     0x10  bsp_N720_J.o [1]
  .bss                zero     0x20009d78     0x10  cpu_core.o [1]
  .bss                zero     0x20009d88      0xc  bsp_N720_J.o [1]
  .bss                zero     0x20009d94      0x8  GateWayInit.o [1]
  .bss                zero     0x20009d9c      0x8  N720task.o [1]
  .bss                zero     0x20009da4      0x8  bsp_N720_J.o [1]
  .bss                zero     0x20009dac      0x8  bsp_N720_J.o [1]
  .bss                zero     0x20009db4      0x8  ff.o [1]
  .bss                zero     0x20009dbc      0x8  os_core.o [1]
  .bss                zero     0x20009dc4      0x4  GW3761_2013.o [1]
  .bss                zero     0x20009dc8      0x4  GW3761_2013.o [1]
  .bss                zero     0x20009dcc      0x4  GateWayInit.o [1]
  .bss                zero     0x20009dd0      0x4  GateWayVariable.o [1]
  .bss                zero     0x20009dd4      0x4  N720task.o [1]
  .bss                zero     0x20009dd8      0x4  Tcp4GComm.o [1]
  .bss                zero     0x20009ddc      0x4  app.o [1]
  .bss                zero     0x20009de0      0x4  app.o [1]
  .bss                zero     0x20009de4      0x4  app.o [1]
  .bss                zero     0x20009de8      0x4  app.o [1]
  .bss                zero     0x20009dec      0x4  app.o [1]
  .bss                zero     0x20009df0      0x4  app.o [1]
  .bss                zero     0x20009df4      0x4  app.o [1]
  .bss                zero     0x20009df8      0x4  app.o [1]
  .bss                zero     0x20009dfc      0x4  bsp_N720_J.o [1]
  .bss                zero     0x20009e00      0x4  bsp_temperature_J.o [1]
  .bss                zero     0x20009e04      0x4  bsp_temperature_J.o [1]
  .bss                zero     0x20009e08      0x4  bsp_timer.o [1]
  .bss                zero     0x20009e0c      0x4  bsp_timer.o [1]
  .bss                zero     0x20009e10      0x4  bsp_timer.o [1]
  .bss                zero     0x20009e14      0x4  bsp_timer.o [1]
  .bss                zero     0x20009e18      0x4  bsp_timer.o [1]
  .bss                zero     0x20009e1c      0x4  bsp_timer.o [1]
  .bss                zero     0x20009e20      0x4  cpu_core.o [1]
  .bss                zero     0x20009e24      0x4  cpu_core.o [1]
  .bss                zero     0x20009e28      0x4  cpu_core.o [1]
  .bss                zero     0x20009e2c      0x4  cpu_core.o [1]
  .bss                zero     0x20009e30      0x4  cpu_core.o [1]
  .bss                zero     0x20009e34      0x4  cpu_core.o [1]
  .bss                zero     0x20009e38      0x4  os_core.o [1]
  .bss                zero     0x20009e3c      0x4  os_core.o [1]
  .bss                zero     0x20009e40      0x4  os_core.o [1]
  .bss                zero     0x20009e44      0x4  os_core.o [1]
  .bss                zero     0x20009e48      0x4  os_core.o [1]
  .bss                zero     0x20009e4c      0x4  os_core.o [1]
  .bss                zero     0x20009e50      0x4  os_core.o [1]
  .bss                zero     0x20009e54      0x4  os_core.o [1]
  .bss                zero     0x20009e58      0x4  os_core.o [1]
  .bss                zero     0x20009e5c      0x4  os_core.o [1]
  .bss                zero     0x20009e60      0x4  os_cpu_c.o [1]
  __DLIB_PERTHREAD    zero     0x20009e64      0x4  errno.o [3]
  .bss                zero     0x20009e68      0x2  GateWayVariable.o [1]
  .bss                zero     0x20009e6a      0x2  LoraNetTask.o [1]
  .bss                zero     0x20009e6c      0x2  LoraNetTask.o [1]
  .bss                zero     0x20009e6e      0x2  LoraNetTask.o [1]
  .bss                zero     0x20009e70      0x2  LoraNetTask.o [1]
  .bss                zero     0x20009e72      0x2  LoraNetTask.o [1]
  .bss                zero     0x20009e74      0x2  bsp_N720_J.o [1]
  .bss                zero     0x20009e76      0x2  bsp_N720_J.o [1]
  .bss                zero     0x20009e78      0x2  bsp_temperature_J.o [1]
  .bss                zero     0x20009e7a      0x2  cpu_core.o [1]
  .bss                zero     0x20009e7c      0x2  cpu_core.o [1]
  .bss                zero     0x20009e7e      0x2  ff.o [1]
  .bss                zero     0x20009e80      0x1  GateWayInit.o [1]
  .bss                zero     0x20009e81      0x1  GateWayInit.o [1]
  .bss                zero     0x20009e82      0x1  LoraNetTask.o [1]
  .bss                zero     0x20009e83      0x1  LoraNetTask.o [1]
  .bss                zero     0x20009e84      0x1  LoraNetTask.o [1]
  .bss                zero     0x20009e85      0x1  LoraNetTask.o [1]
  .bss                zero     0x20009e86      0x1  LoraNetTask.o [1]
  .bss                zero     0x20009e87      0x1  LoraNetTask.o [1]
  .bss                zero     0x20009e88      0x1  N720task.o [1]
  .bss                zero     0x20009e89      0x1  N720task.o [1]
  .bss                zero     0x20009e8a      0x1  N720task.o [1]
  .bss                zero     0x20009e8b      0x1  N720task.o [1]
  .bss                zero     0x20009e8c      0x1  N720task.o [1]
  .bss                zero     0x20009e8d      0x1  N720task.o [1]
  .bss                zero     0x20009e8e      0x1  N720task.o [1]
  .bss                zero     0x20009e8f      0x1  N720task.o [1]
  .bss                zero     0x20009e90      0x1  N720task.o [1]
  .bss                zero     0x20009e91      0x1  N720task.o [1]
  .bss                zero     0x20009e92      0x1  N720task.o [1]
  .bss                zero     0x20009e93      0x1  Tcp4GComm.o [1]
  .bss                zero     0x20009e94      0x1  Tcp4GComm.o [1]
  .bss                zero     0x20009e95      0x1  Tcp4GComm.o [1]
  .bss                zero     0x20009e96      0x1  Tcp4GComm.o [1]
  .bss                zero     0x20009e97      0x1  bsp_N720_J.o [1]
  .bss                zero     0x20009e98      0x1  bsp_N720_J.o [1]
  .bss                zero     0x20009e99      0x1  bsp_temperature_J.o [1]
  .bss                zero     0x20009e9a      0x1  bsp_timer.o [1]
  .bss                zero     0x20009e9b      0x1  bsp_timer.o [1]
  .bss                zero     0x20009e9c      0x1  os_core.o [1]
  .bss                zero     0x20009e9d      0x1  os_core.o [1]
  .bss                zero     0x20009e9e      0x1  os_core.o [1]
  .bss                zero     0x20009e9f      0x1  os_core.o [1]
  .bss                zero     0x20009ea0      0x1  os_core.o [1]
  .bss                zero     0x20009ea1      0x1  os_core.o [1]
  .bss                zero     0x20009ea2      0x1  os_core.o [1]
  .bss                zero     0x20009ea3      0x1  os_core.o [1]
  .bss                zero     0x20009ea4      0x1  os_core.o [1]
  .bss                zero     0x20009ea5      0x1  os_core.o [1]
  .bss                zero     0x20009ea6      0x1  os_core.o [1]
                             - 0x20009ea7   0x5deb

"P3":                                      0x12b8c
  _exram              zero     0x68000000   0x89c0  GateWayVariable.o [1]
  _exram              zero     0x680089c0   0x8000  GateWayVariable.o [1]
  _exram              zero     0x680109c0   0x1030  GateWayVariable.o [1]
  _exram              zero     0x680119f0   0x1024  GateWayVariable.o [1]
  _exram              zero     0x68012a14    0x12c  GateWayVariable.o [1]
  _exram              zero     0x68012b40     0x24  GateWayVariable.o [1]
  _exram              zero     0x68012b64     0x20  GateWayVariable.o [1]
  _exram              zero     0x68012b84      0x4  GateWayVariable.o [1]
  _exram              zero     0x68012b88      0x1  GateWayVariable.o [1]
                             - 0x68012b89  0x12b89


*******************************************************************************
*** INIT TABLE
***

          Address     Size
          -------     ----
Zero (__iar_zero_init3)
    2 destination ranges, total size 0x18974:
          0x200040bc   0x5deb
          0x68000000  0x12b89

Copy (__iar_copy_init3)
    1 source range, total size 0xbc (101% of destination):
          0x08022620     0xbc
    1 destination range, total size 0xb9:
          0x20004000     0xb9



*******************************************************************************
*** MODULE SUMMARY
***

    Module                  ro code  ro data  rw data
    ------                  -------  -------  -------
G:\¾«³Ï¹«Ë¾\ÏîÄ¿-Ðí²©Ô´\STM32Ô¶³ÌÉý¼¶\STM32_IAP\0---UCOSII¹«°æ2019.01.22\Project\EWARMv6\Flash\Obj: [1]
    GW3761_2013.o             4 804               264
    GateWayInit.o             1 172      832    1 294
    GateWayVariable.o         1 032      876   77 251
    LoRaProtocol.o            2 276       16
    LoraNetTask.o             2 644      256    3 444
    Math_Lib.o                  332
    MeterLib.o                  564
    N720MessageQueues.o         176
    N720task.o                2 472      437    1 308
    State.o                      58
    Sx1278_LoRa.o               792      144       20
    Sx1278_LoRaMisc.o         1 482      160
    Sx1278_Spi.o                770
    Tcp4GComm.o               1 700       48    2 584
    ZLG_Queue.o                 284
    app.o                       672      136    1 056
    app_hooks.o                  16
    bsp.o                       158       32
    bsp_IAP.o                   136
    bsp_N720_J.o              2 868      566    1 490
    bsp_Rs8025t_J.o             554
    bsp_ZLG_IIC_J.o             796
    bsp_cpu_flash.o             300
    bsp_led.o                   308
    bsp_spi_flash_fire.o      1 148      104        4
    bsp_sram_fire.o             792
    bsp_temperature_J.o         404                43
    bsp_tim_pwm.o               756
    bsp_timer.o                 384                74
    bsp_uart_fifo.o           1 932             7 288
    cJSON.o                      44
    ccsbcs.o                    196    2 232
    cpu_a.o                      52
    cpu_bsp.o                    68
    cpu_core.o                  344                44
    diskio.o                    348
    ff.o                     10 408      264      522
    lib_mem.o                   134
    misc.o                      136
    os_core.o                 2 504      288    3 339
    os_cpu_a.o                  172
    os_cpu_c.o                  344               516
    os_dbg.o                    372      112
    os_mbox.o                   486
    os_sem.o                    440
    os_task.o                 1 408
    os_time.o                   160
    startup_stm32f10x_hd.o      604
    stm32f10x_adc.o             512
    stm32f10x_dma.o             504
    stm32f10x_exti.o            204
    stm32f10x_flash.o           338
    stm32f10x_fsmc.o            284
    stm32f10x_gpio.o            436
    stm32f10x_it.o              260       56
    stm32f10x_rcc.o             344       20       20
    stm32f10x_spi.o             124
    stm32f10x_tim.o             328
    stm32f10x_usart.o           480
    system_stm32f10x.o          348        4        4
    -------------------------------------------------
    Total:                   54 164    6 583  100 565

command line: [2]
    -------------------------------------------------
    Total:

dl7M_tlf.a: [3]
    div.o                        14
    errno.o                      12                 4
    exit.o                        4
    isxxx.o                      40
    localeconv.o                108       80       80
    low_level_init.o              4
    printf.o                     36
    putchar.o                    12
    setlocale.o                  24               116
    snprintf.o                   68
    sscanf.o                     36
    strstr.o                     44
    tolower.o                    20
    xfiles.o                              64      144
    xlocale_c.o                  54
    xprintflarge_nomb.o       2 910
    xprout.o                     22
    xscanffull_nomb.o         2 652
    xsnprout.o                   26
    xsscin.o                     30
    xstoflt.o                   448
    xstoll.o                    162
    xstopfx.o                   308
    xstoull.o                   456
    xstoxflt.o                  532
    xtls.o                        2
    -------------------------------------------------
    Total:                    8 024      144      344

m7M_tl.a: [4]
    DblAdd.o                    232
    DblCmpEq.o                   32
    DblCmpLe.o                   46
    DblDiv.o                    582
    DblMul.o                    418
    DblSub.o                    384
    DblToFlt.o                  144
    DblToI32.o                   88
    FltDiv.o                    252
    FltToS32.o                   68
    I32ToDbl.o                   48
    I32ToFlt.o                   46
    xdnorm.o                     68
    xdscale.o                   282
    xdtento.o                   480
    xstold.o                    336
    -------------------------------------------------
    Total:                    3 506

rt7M_tl.a: [5]
    ABImemclr4.o                  6
    ABImemcpy.o                 118
    ABImemset.o                 102
    ABImemset48.o                50
    I64DivMod.o                 238
    I64DivZer.o                   2
    bwt_init3c.o
    cexit.o                      10
    cmain.o                      22
    copy_init3.o                 46
    cstartup_M.o                 12
    data_init3.o                 44
    memchr.o                     88
    memcmp.o                     98
    strchr.o                     22
    strlen.o                     54
    zero_init3.o                 34
    -------------------------------------------------
    Total:                      946

shb_l.a: [6]
    exit.o                       20
    -------------------------------------------------
    Total:                       20

    Gaps                                            3
    Linker created                        49   16 384
-----------------------------------------------------
    Grand Total:             66 660    6 776  117 296


*******************************************************************************
*** ENTRY LIST
***

Entry                      Address    Size  Type      Object
-----                      -------    ----  ----      ------
?main                   0x08021f3d          Code  Gb  cmain.o [5]
ADC1_2_IRQHandler       0x0802253d          Code  Wk  startup_stm32f10x_hd.o [1]
ADC3_IRQHandler         0x080225b1          Code  Wk  startup_stm32f10x_hd.o [1]
ADCPrescTable           0x200040a8     0x4  Data  Lc  stm32f10x_rcc.o [1]
ADC_Cmd                 0x0801d931    0x1a  Code  Gb  stm32f10x_adc.o [1]
ADC_ConvertedValue      0x20009e78     0x2  Data  Lc  bsp_temperature_J.o [1]
ADC_DMACmd              0x0801d94b    0x1c  Code  Gb  stm32f10x_adc.o [1]
ADC_GetCalibrationStatus
                        0x0801d993    0x18  Code  Gb  stm32f10x_adc.o [1]
ADC_GetResetCalibrationStatus
                        0x0801d971    0x18  Code  Gb  stm32f10x_adc.o [1]
ADC_Init                0x0801d8e1    0x50  Code  Gb  stm32f10x_adc.o [1]
ADC_RegularChannelConfig
                        0x0801d9c5    0xee  Code  Gb  stm32f10x_adc.o [1]
ADC_ResetCalibration    0x0801d967     0xa  Code  Gb  stm32f10x_adc.o [1]
ADC_SoftwareStartConvCmd
                        0x0801d9ab    0x1a  Code  Gb  stm32f10x_adc.o [1]
ADC_StartCalibration    0x0801d989     0xa  Code  Gb  stm32f10x_adc.o [1]
ADC_TempSensorVrefintCmd
                        0x0801dab3    0x22  Code  Gb  stm32f10x_adc.o [1]
APBAHBPrescTable        0x20004090    0x10  Data  Lc  stm32f10x_rcc.o [1]
Ack_IIc                 0x080169ed    0x44  Code  Gb  bsp_ZLG_IIC_J.o [1]
AppTaskGateWayInit      0x0801fc89   0x316  Code  Gb  GateWayInit.o [1]
AppTaskGateWayInitStk   0x2000579c   0x400  Data  Gb  GateWayInit.o [1]
AppTaskLoraBeacon       0x0801cab9    0xa2  Code  Gb  LoraNetTask.o [1]
AppTaskLoraBeaconStk    0x2000639c   0x400  Data  Gb  LoraNetTask.o [1]
AppTaskLoraPing         0x0801c2d5    0x1a  Code  Gb  LoraNetTask.o [1]
AppTaskLoraPingStk      0x20005b9c   0x400  Data  Gb  LoraNetTask.o [1]
AppTaskLoraPolling      0x0801c6cd    0x1a  Code  Gb  LoraNetTask.o [1]
AppTaskLoraPollingStk   0x20005f9c   0x400  Data  Gb  LoraNetTask.o [1]
AppTaskN720Init         0x0801ea8f    0x30  Code  Gb  N720task.o [1]
AppTaskN720InitStk      0x2000679c   0x400  Data  Gb  N720task.o [1]
AppTaskSMSComm          0x0801e9fd    0x22  Code  Gb  N720task.o [1]
AppTaskSMSCommStk       0x200092d8   0x100  Data  Gb  N720task.o [1]
AppTaskStart            0x08020b79   0x1ba  Code  Lc  app.o [1]
AppTaskStartStk         0x20006b9c   0x400  Data  Lc  app.o [1]
AppTaskTCPComm          0x0801f529    0x4a  Code  Gb  Tcp4GComm.o [1]
AppTaskTCPCommStk       0x200040bc   0x800  Data  Gb  Tcp4GComm.o [1]
App_TCBInitHook         0x0801ab2d     0x2  Code  Gb  app_hooks.o [1]
App_TaskCreateHook      0x0801ab21     0x2  Code  Gb  app_hooks.o [1]
App_TaskDelHook         0x0801ab23     0x2  Code  Gb  app_hooks.o [1]
App_TaskIdleHook        0x0801ab25     0x2  Code  Gb  app_hooks.o [1]
App_TaskReturnHook      0x0801ab29     0x2  Code  Gb  app_hooks.o [1]
App_TaskStatHook        0x0801ab27     0x2  Code  Gb  app_hooks.o [1]
App_TaskSwHook          0x0801ab2b     0x2  Code  Gb  app_hooks.o [1]
App_TimeTickHook        0x0801ab2f     0x2  Code  Gb  app_hooks.o [1]
Ascii_To_Hex            0x080164f7    0xca  Code  Gb  Math_Lib.o [1]
BSP_CPU_ClkFreq         0x0801b3fd    0x18  Code  Gb  bsp.o [1]
BSP_Tick_Init           0x0801b47d    0x1a  Code  Gb  bsp.o [1]
BusFault_Handler        0x080211ab     0x2  Code  Gb  stm32f10x_it.o [1]
CAN1_RX1_IRQHandler     0x08022549          Code  Wk  startup_stm32f10x_hd.o [1]
CAN1_SCE_IRQHandler     0x0802254d          Code  Wk  startup_stm32f10x_hd.o [1]
CPU_CntLeadZeros        0x08020f47          Code  Gb  cpu_a.o [1]
CPU_CntTrailZeros       0x08020f4d          Code  Gb  cpu_a.o [1]
CPU_Init                0x08020dd1    0x10  Code  Gb  cpu_core.o [1]
CPU_IntDis              0x08020f29          Code  Gb  cpu_a.o [1]
CPU_IntDisMeasCtr       0x20009e7a     0x2  Data  Gb  cpu_core.o [1]
CPU_IntDisMeasInit      0x08020e8d    0x78  Code  Lc  cpu_core.o [1]
CPU_IntDisMeasMaxCur_cnts
                        0x20009e30     0x4  Data  Gb  cpu_core.o [1]
CPU_IntDisMeasMax_cnts  0x20009e34     0x4  Data  Gb  cpu_core.o [1]
CPU_IntDisMeasOvrhd_cnts
                        0x20009e2c     0x4  Data  Gb  cpu_core.o [1]
CPU_IntDisMeasStart     0x08020e0d    0x28  Code  Gb  cpu_core.o [1]
CPU_IntDisMeasStart_cnts
                        0x20009e24     0x4  Data  Gb  cpu_core.o [1]
CPU_IntDisMeasStop      0x08020e35    0x42  Code  Gb  cpu_core.o [1]
CPU_IntDisMeasStop_cnts
                        0x20009e28     0x4  Data  Gb  cpu_core.o [1]
CPU_IntDisNestCtr       0x20009e7c     0x2  Data  Gb  cpu_core.o [1]
CPU_IntEn               0x08020f2d          Code  Gb  cpu_a.o [1]
CPU_Name                0x20009d78    0x10  Data  Gb  cpu_core.o [1]
CPU_NameClr             0x08020de1    0x24  Code  Gb  cpu_core.o [1]
CPU_NameInit            0x08020e77     0x8  Code  Lc  cpu_core.o [1]
CPU_RevBits             0x08020f57          Code  Gb  cpu_a.o [1]
CPU_SR_Restore          0x08020f39          Code  Gb  cpu_a.o [1]
CPU_SR_Save             0x08020f31          Code  Gb  cpu_a.o [1]
CPU_TS_Init             0x08020e7f     0xe  Code  Lc  cpu_core.o [1]
CPU_TS_TmrFreqSet       0x08020e05     0x8  Code  Gb  cpu_core.o [1]
CPU_TS_TmrFreq_Hz       0x20009e20     0x4  Data  Gb  cpu_core.o [1]
CPU_TS_TmrInit          0x08020fe5    0x2e  Code  Gb  cpu_bsp.o [1]
CPU_TS_TmrRd            0x08021013     0x8  Code  Gb  cpu_bsp.o [1]
CPU_WaitForExcept       0x08020f43          Code  Gb  cpu_a.o [1]
CPU_WaitForInt          0x08020f3f          Code  Gb  cpu_a.o [1]
CSTACK$$Base            0x20000000           --   Gb  - Linker created -
CSTACK$$Limit           0x20004000           --   Gb  - Linker created -
ComToUart               0x08017889    0x3e  Code  Gb  bsp_uart_fifo.o [1]
Combine_LoRa_Protocol_Frame
                        0x0801dffd   0x7d8  Code  Gb  LoRaProtocol.o [1]
ConfigInfo              0x20009bb0    0x2c  Data  Gb  GateWayVariable.o [1]
ConfigUartNVIC          0x08017cf5    0x4c  Code  Lc  bsp_uart_fifo.o [1]
Count_CheckSum          0x080165c1    0x22  Code  Gb  Math_Lib.o [1]
CreateGateWayConfigInfoFile
                        0x0801be37    0x7e  Code  Gb  GateWayVariable.o [1]
CreateGateWayMeterLibFile
                        0x0801bf25    0x7c  Code  Gb  GateWayVariable.o [1]
DMA1_Channel1_IRQHandler
                        0x0801bd0b    0x6e  Code  Gb  bsp_temperature_J.o [1]
DMA1_Channel2_IRQHandler
                        0x08022525          Code  Wk  startup_stm32f10x_hd.o [1]
DMA1_Channel3_IRQHandler
                        0x08022529          Code  Wk  startup_stm32f10x_hd.o [1]
DMA1_Channel4_IRQHandler
                        0x0802252d          Code  Wk  startup_stm32f10x_hd.o [1]
DMA1_Channel5_IRQHandler
                        0x08022531          Code  Wk  startup_stm32f10x_hd.o [1]
DMA1_Channel6_IRQHandler
                        0x08022535          Code  Wk  startup_stm32f10x_hd.o [1]
DMA1_Channel7_IRQHandler
                        0x08022539          Code  Wk  startup_stm32f10x_hd.o [1]
DMA2_Channel1_IRQHandler
                        0x080225d5          Code  Wk  startup_stm32f10x_hd.o [1]
DMA2_Channel2_IRQHandler
                        0x080225d9          Code  Wk  startup_stm32f10x_hd.o [1]
DMA2_Channel3_IRQHandler
                        0x080225dd          Code  Wk  startup_stm32f10x_hd.o [1]
DMA2_Channel4_5_IRQHandler
                        0x080225e1          Code  Wk  startup_stm32f10x_hd.o [1]
DMA_ClearITPendingBit   0x0801d88d    0x10  Code  Gb  stm32f10x_dma.o [1]
DMA_Cmd                 0x0801d831    0x1c  Code  Gb  stm32f10x_dma.o [1]
DMA_DeInit              0x0801d6e9   0x10a  Code  Gb  stm32f10x_dma.o [1]
DMA_GetITStatus         0x0801d863    0x2a  Code  Gb  stm32f10x_dma.o [1]
DMA_ITConfig            0x0801d84d    0x16  Code  Gb  stm32f10x_dma.o [1]
DMA_Init                0x0801d7f3    0x3e  Code  Gb  stm32f10x_dma.o [1]
DebugMon_Handler        0x080211b1     0x2  Code  Gb  stm32f10x_it.o [1]
Delay_us                0x080164c9    0x10  Code  Gb  Math_Lib.o [1]
DirInf                  0x68012b40    0x24  Data  Gb  GateWayVariable.o [1]
DiskFormatting          0x0801bda9    0x8e  Code  Gb  GateWayVariable.o [1]
DispMenu                0x0801fbcd    0x5c  Code  Lc  GateWayInit.o [1]
DispTaskInfo            0x0801fc29    0x60  Code  Lc  GateWayInit.o [1]
EXTI0_IRQHandler        0x0802250d          Code  Wk  startup_stm32f10x_hd.o [1]
EXTI15_10_IRQHandler    0x080211e9    0x1c  Code  Gb  stm32f10x_it.o [1]
EXTI1_IRQHandler        0x080211b3    0x1e  Code  Gb  stm32f10x_it.o [1]
EXTI2_IRQHandler        0x08022515          Code  Wk  startup_stm32f10x_hd.o [1]
EXTI3_IRQHandler        0x08022519          Code  Wk  startup_stm32f10x_hd.o [1]
EXTI4_IRQHandler        0x080211d1    0x18  Code  Gb  stm32f10x_it.o [1]
EXTI9_5_IRQHandler      0x08022551          Code  Wk  startup_stm32f10x_hd.o [1]
EXTI_ClearITPendingBit  0x08016c05     0x6  Code  Gb  stm32f10x_exti.o [1]
EXTI_GetITStatus        0x08016bdd    0x28  Code  Gb  stm32f10x_exti.o [1]
EXTI_Init               0x08016b55    0x88  Code  Gb  stm32f10x_exti.o [1]
Empty_Meter_Lib_Data    0x0801debb    0x22  Code  Gb  MeterLib.o [1]
Empty_Meter_Lib_ID      0x0801de69    0x52  Code  Gb  MeterLib.o [1]
ExCvt                   0x08021488    0x80  Data  Lc  ff.o [1]
FLASH_ClearFlag         0x08019c23     0x6  Code  Gb  stm32f10x_flash.o [1]
FLASH_ErasePage         0x08019b79    0x5e  Code  Gb  stm32f10x_flash.o [1]
FLASH_GetBank1Status    0x08019c29    0x34  Code  Gb  stm32f10x_flash.o [1]
FLASH_IRQHandler        0x08022505          Code  Wk  startup_stm32f10x_hd.o [1]
FLASH_Lock              0x08019b67    0x12  Code  Gb  stm32f10x_flash.o [1]
FLASH_ProgramHalfWord   0x08019bd7    0x4c  Code  Gb  stm32f10x_flash.o [1]
FLASH_Unlock            0x08019b51    0x16  Code  Gb  stm32f10x_flash.o [1]
FLASH_WaitForLastOperation
                        0x08019c75    0x2e  Code  Gb  stm32f10x_flash.o [1]
FSMC_IRQHandler         0x080225b5          Code  Wk  startup_stm32f10x_hd.o [1]
FSMC_NORSRAMCmd         0x0801f4ed    0x32  Code  Gb  stm32f10x_fsmc.o [1]
FSMC_NORSRAMInit        0x0801f40d    0xe0  Code  Gb  stm32f10x_fsmc.o [1]
FSMC_SRAM_Init          0x08020aa1    0x7e  Code  Gb  bsp_sram_fire.o [1]
FatFs                   0x20009db4     0x8  Data  Lc  ff.o [1]
FileInf                 0x68012b64    0x20  Data  Gb  GateWayVariable.o [1]
Fsid                    0x20009e7e     0x2  Data  Lc  ff.o [1]
GPIO_EXTILineConfig     0x08013b2b    0x50  Code  Gb  stm32f10x_gpio.o [1]
GPIO_Init               0x080139cd   0x138  Code  Gb  stm32f10x_gpio.o [1]
GPIO_ReadInputDataBit   0x08013b05    0x1a  Code  Gb  stm32f10x_gpio.o [1]
GPIO_ResetBits          0x08013b25     0x6  Code  Gb  stm32f10x_gpio.o [1]
GPIO_SetBits            0x08013b1f     0x6  Code  Gb  stm32f10x_gpio.o [1]
GW3761DatFrameSeqNum    0x20009e68     0x2  Data  Gb  GateWayVariable.o [1]
GW3761_Bit_To_Bin       0x080151e5    0x62  Code  Gb  GW3761_2013.o [1]
GW3761_Cal_Fn           0x08015247    0x28  Code  Gb  GW3761_2013.o [1]
GW3761_Frame_Comb       0x0801526f  0x100a  Code  Gb  GW3761_2013.o [1]
GW3761_Frame_Resolve    0x0801627d   0x20a  Code  Gb  GW3761_2013.o [1]
GateWay_Variable_Init   0x0801bd9d     0xc  Code  Gb  GateWayVariable.o [1]
Get_Meter_Lib_Data      0x0801ddf1    0x44  Code  Gb  MeterLib.o [1]
Get_Meter_Lib_Data_State
                        0x0801dedd    0x1a  Code  Gb  MeterLib.o [1]
Get_Meter_Lib_ID        0x0801de35    0x34  Code  Gb  MeterLib.o [1]
Get_N720_Message_Q_Dat  0x0801cc55    0x4c  Code  Gb  N720MessageQueues.o [1]
Get_Slot_Tick           0x0801c1b7     0x8  Code  Gb  LoraNetTask.o [1]
Glide_Average_Filter    0x080164d9    0x1e  Code  Gb  Math_Lib.o [1]
HardFault_Handler       0x08021187    0x22  Code  Gb  stm32f10x_it.o [1]
I2C1_ER_IRQHandler      0x08022575          Code  Wk  startup_stm32f10x_hd.o [1]
I2C1_EV_IRQHandler      0x08022571          Code  Wk  startup_stm32f10x_hd.o [1]
I2C2_ER_IRQHandler      0x0802257d          Code  Wk  startup_stm32f10x_hd.o [1]
I2C2_EV_IRQHandler      0x08022579          Code  Wk  startup_stm32f10x_hd.o [1]
IIC_GPIO_Init           0x08016839    0x3a  Code  Gb  bsp_ZLG_IIC_J.o [1]
IRcvStr                 0x08016abf    0x96  Code  Gb  bsp_ZLG_IIC_J.o [1]
ISendStr                0x08016a39    0x86  Code  Gb  bsp_ZLG_IIC_J.o [1]
InitHardUart            0x08017b09   0x1ec  Code  Lc  bsp_uart_fifo.o [1]
Insert_Meter_Lib        0x0801dcff    0x9a  Code  Gb  MeterLib.o [1]
Insert_Meter_Lib_Data   0x0801dd99    0x58  Code  Gb  MeterLib.o [1]
Insert_N720_Message_Q   0x0801cc19    0x3c  Code  Gb  N720MessageQueues.o [1]
LfnBuf                  0x2000839c   0x200  Data  Lc  ff.o [1]
LfnOfs                  0x080222e0    0x10  Data  Lc  ff.o [1]
LoRaSettings            0x20009d24    0x14  Data  Gb  Sx1278_LoRa.o [1]
LoraPingTask            0x0801c2ef   0x3de  Code  Gb  LoraNetTask.o [1]
LoraPollingTask         0x0801c6e7   0x3d2  Code  Gb  LoraNetTask.o [1]
LoraRx                  0x200098c8    0x84  Data  Gb  LoraNetTask.o [1]
LoraSlotTimeNum         0x20009e6c     0x2  Data  Lc  LoraNetTask.o [1]
LoraSlotTimeTick        0x20009e6a     0x2  Data  Lc  LoraNetTask.o [1]
Lora_Frequency_CommLink
                        0x20009c74    0x20  Data  Gb  LoraNetTask.o [1]
Lora_Frequency_PingLink
                        0x20009c94    0x20  Data  Gb  LoraNetTask.o [1]
Lora_Frequency_PollingLink
                        0x20009c54    0x20  Data  Gb  LoraNetTask.o [1]
Lora_Network_Init       0x0801c1bf    0x56  Code  Gb  LoraNetTask.o [1]
Lora_SlotTime_Network   0x0801c215    0xc0  Code  Gb  LoraNetTask.o [1]
MboxGateWayTemp         0x20009df4     0x4  Data  Gb  app.o [1]
MboxLoraPing            0x20009df8     0x4  Data  Gb  app.o [1]
MemManage_Handler       0x080211a9     0x2  Code  Gb  stm32f10x_it.o [1]
Mem_Clr                 0x08020f5d    0x12  Code  Gb  lib_mem.o [1]
Mem_Set                 0x08020f6f    0x74  Code  Gb  lib_mem.o [1]
MeterLib                0x68000000  0x89c0  Data  Gb  GateWayVariable.o [1]
N720MessageNum          0x68012a14   0x12c  Data  Gb  GateWayVariable.o [1]
N720MessageQue          0x680089c0  0x8000  Data  Gb  GateWayVariable.o [1]
N720_Active_Attachment  0x08017099    0x4c  Code  Gb  bsp_N720_J.o [1]
N720_Check_Connection   0x080171d1    0x92  Code  Gb  bsp_N720_J.o [1]
N720_Check_Report       0x08016ed7    0x34  Code  Gb  bsp_N720_J.o [1]
N720_Check_SIMCard      0x08016f41    0x38  Code  Gb  bsp_N720_J.o [1]
N720_Close_TCP          0x080172f1    0x2a  Code  Gb  bsp_N720_J.o [1]
N720_Enable_Reporting   0x08017163    0x36  Code  Gb  bsp_N720_J.o [1]
N720_Forbidden_Command_Display
                        0x08016f0b    0x36  Code  Gb  bsp_N720_J.o [1]
[...]
SysCtlDelay             0x080164c1     0x8  Code  Gb  Math_Lib.o [1]
SysState                0x20009dd0     0x4  Data  Gb  GateWayVariable.o [1]
SysTick_ISR             0x0801ab31    0x8e  Code  Gb  bsp_timer.o [1]
SystemCoreClock         0x200040ac     0x4  Data  Gb  system_stm32f10x.o [1]
SystemInit              0x08021029    0x52  Code  Gb  system_stm32f10x.o [1]
TAMPER_IRQHandler       0x080224fd          Code  Wk  startup_stm32f10x_hd.o [1]
TCP_Comm                0x0801f573   0x1e0  Code  Gb  Tcp4GComm.o [1]
TCP_Comm_TX             0x0801f9ff   0x168  Code  Gb  Tcp4GComm.o [1]
TCP_HeartBeat           0x0801f8bd   0x142  Code  Gb  Tcp4GComm.o [1]
TCP_Login_Terminal      0x0801f753   0x160  Code  Gb  Tcp4GComm.o [1]
TCPbuf                  0x20008dcc   0x104  Data  Gb  GateWayVariable.o [1]
TIM1_BRK_IRQHandler     0x08022555          Code  Wk  startup_stm32f10x_hd.o [1]
TIM1_CC_IRQHandler      0x08022561          Code  Wk  startup_stm32f10x_hd.o [1]
TIM1_TRG_COM_IRQHandler
                        0x0802255d          Code  Wk  startup_stm32f10x_hd.o [1]
TIM1_UP_IRQHandler      0x08022559          Code  Wk  startup_stm32f10x_hd.o [1]
TIM2_IRQHandler         0x0801abdf    0xac  Code  Gb  bsp_timer.o [1]
TIM3_IRQHandler         0x08022569          Code  Wk  startup_stm32f10x_hd.o [1]
TIM4_IRQHandler         0x0802256d          Code  Wk  startup_stm32f10x_hd.o [1]
TIM5_IRQHandler         0x080225bd          Code  Wk  startup_stm32f10x_hd.o [1]
TIM6_IRQHandler         0x08021235    0x30  Code  Gb  stm32f10x_it.o [1]
TIM7_IRQHandler         0x08021205    0x30  Code  Gb  stm32f10x_it.o [1]
TIM8_BRK_IRQHandler     0x080225a1          Code  Wk  startup_stm32f10x_hd.o [1]
TIM8_CC_IRQHandler      0x080225ad          Code  Wk  startup_stm32f10x_hd.o [1]
TIM8_TRG_COM_IRQHandler
                        0x080225a9          Code  Wk  startup_stm32f10x_hd.o [1]
TIM8_UP_IRQHandler      0x080225a5          Code  Wk  startup_stm32f10x_hd.o [1]
TIM_ARRPreloadConfig    0x0801860f    0x1c  Code  Gb  stm32f10x_tim.o [1]
TIM_ClearITPendingBit   0x08018661     0x8  Code  Gb  stm32f10x_tim.o [1]
TIM_Cmd                 0x080185dd    0x1c  Code  Gb  stm32f10x_tim.o [1]
TIM_GetITStatus         0x0801862f    0x32  Code  Gb  stm32f10x_tim.o [1]
TIM_ITConfig            0x080185f9    0x16  Code  Gb  stm32f10x_tim.o [1]
TIM_SetCounter          0x0801862b     0x4  Code  Gb  stm32f10x_tim.o [1]
TIM_TimeBaseInit        0x08018549    0x94  Code  Gb  stm32f10x_tim.o [1]
Tbl                     0x08021288   0x100  Data  Lc  ccsbcs.o [1]
Temp_ADC_Config         0x0801bc77    0x94  Code  Gb  bsp_temperature_J.o [1]
Temp_DMA_Config         0x0801bc15    0x62  Code  Gb  bsp_temperature_J.o [1]
UART4_IRQHandler        0x080225c5          Code  Wk  startup_stm32f10x_hd.o [1]
UART5_IRQHandler        0x080225c9          Code  Wk  startup_stm32f10x_hd.o [1]
USART1_IRQHandler       0x08017f3f    0x1e  Code  Gb  bsp_uart_fifo.o [1]
USART2_IRQHandler       0x08017f5d    0x1e  Code  Gb  bsp_uart_fifo.o [1]
USART3_IRQHandler       0x08017f7b    0x1e  Code  Gb  bsp_uart_fifo.o [1]
USART_ClearFlag         0x080184cf     0xc  Code  Gb  stm32f10x_usart.o [1]
USART_Cmd               0x0801844d    0x1c  Code  Gb  stm32f10x_usart.o [1]
USART_GetITStatus       0x080184db    0x6e  Code  Gb  stm32f10x_usart.o [1]
USART_ITConfig          0x08018469    0x56  Code  Gb  stm32f10x_usart.o [1]
USART_Init              0x08018369    0xde  Code  Gb  stm32f10x_usart.o [1]
USART_ReceiveData       0x080184c7     0x8  Code  Gb  stm32f10x_usart.o [1]
USART_SendData          0x080184bf     0x8  Code  Gb  stm32f10x_usart.o [1]
USBWakeUp_IRQHandler    0x0802259d          Code  Wk  startup_stm32f10x_hd.o [1]
USB_HP_CAN1_TX_IRQHandler
                        0x08022541          Code  Wk  startup_stm32f10x_hd.o [1]
USB_LP_CAN1_RX0_IRQHandler
                        0x08022545          Code  Wk  startup_stm32f10x_hd.o [1]
UartGetChar             0x08017db7    0x52  Code  Lc  bsp_uart_fifo.o [1]
UartIRQ                 0x08017e09   0x136  Code  Lc  bsp_uart_fifo.o [1]
UartSend                0x08017d41    0x76  Code  Lc  bsp_uart_fifo.o [1]
UartVarInit             0x08017993   0x176  Code  Lc  bsp_uart_fifo.o [1]
UsageFault_Handler      0x080211ad     0x2  Code  Gb  stm32f10x_it.o [1]
ViewRootDir             0x0801c021    0xe6  Code  Gb  GateWayVariable.o [1]
WWDG_IRQHandler         0x080224f5          Code  Wk  startup_stm32f10x_hd.o [1]
W_State                 0x08018691    0x22  Code  Gb  State.o [1]
_GenldLargeNoMb         0x080144f5   0x242  Code  Lc  xprintflarge_nomb.o [3]
_GetN                   0x080190f5    0x22  Code  Lc  xscanffull_nomb.o [3]
_GetfldFullNoMb         0x080192bd   0x10c  Code  Lc  xscanffull_nomb.o [3]
_GetfloatFullNoMb       0x08019759   0x3e8  Code  Lc  xscanffull_nomb.o [3]
_GetintFullNoMb         0x08019585   0x1d4  Code  Lc  xscanffull_nomb.o [3]
_GetstrFullNoMb         0x080193c9   0x1bc  Code  Lc  xscanffull_nomb.o [3]
_IsdstStr               0x200099d0     0x4  Data  Gb  setlocale.o [3]
_LdtobLargeNoMb         0x0801426d   0x276  Code  Lc  xprintflarge_nomb.o [3]
_LitobLargeNoMb         0x08014147   0x126  Code  Lc  xprintflarge_nomb.o [3]
_LocaleC_isalpha        0x0801acc9    0x16  Code  Gb  xlocale_c.o [3]
_LocaleC_isspace        0x0801acdf    0x14  Code  Gb  xlocale_c.o [3]
_LocaleC_tolower        0x0801b49b     0xc  Code  Gb  xlocale_c.o [3]
_LocaleForCat           0x0801acb1    0x12  Code  Gb  setlocale.o [3]
_LocaleReturnString     0x200099f0    0x50  Data  Lc  setlocale.o [3]
_Locale_Profile         0x200099d4    0x1c  Data  Gb  setlocale.o [3]
_Locale_lconv           0x20004000    0x50  Data  Gb  localeconv.o [3]
_PrintfLargeNoMb        0x08013c21   0x526  Code  Gb  xprintflarge_nomb.o [3]
_Prout                  0x08021f7d    0x16  Code  Gb  xprout.o [3]
_PutcharsLargeNoMb      0x08014737    0x2e  Code  Lc  xprintflarge_nomb.o [3]
_SNProut                0x0801497f    0x1a  Code  Gb  xsnprout.o [3]
_SScin                  0x0801481b    0x1e  Code  Gb  xsscin.o [3]
_ScanfFullNoMb          0x08019117   0x1a6  Code  Gb  xscanffull_nomb.o [3]
_Stoflt                 0x0801ae49   0x1c0  Code  Gb  xstoflt.o [3]
_Stopfx                 0x0801ad15   0x134  Code  Gb  xstopfx.o [3]
_Stoxflt                0x0801b1e9   0x1e0  Code  Gb  xstoxflt.o [3]
_TzoneStr               0x200099cc     0x4  Data  Gb  setlocale.o [3]
__aeabi_cdcmpeq         0x0801b4a9          Code  Gb  DblCmpEq.o [4]
__aeabi_cdcmple         0x08014a55          Code  Gb  DblCmpLe.o [4]
__aeabi_d2f             0x0801aa91          Code  Gb  DblToFlt.o [4]
__aeabi_d2iz            0x08014e71          Code  Gb  DblToI32.o [4]
__aeabi_d2uiz           0x08014e9d          Code  Gb  DblToI32.o [4]
__aeabi_dadd            0x080150f9          Code  Gb  DblAdd.o [4]
__aeabi_ddiv            0x08014c29          Code  Gb  DblDiv.o [4]
__aeabi_dmul            0x08014a85          Code  Gb  DblMul.o [4]
__aeabi_dsub            0x08014ef9          Code  Gb  DblSub.o [4]
__aeabi_errno_addr      0x0801acf5     0x6  Code  Gb  errno.o [3]
__aeabi_f2iz            0x0801cdd5          Code  Gb  FltToS32.o [4]
__aeabi_fdiv            0x0801ccd9          Code  Gb  FltDiv.o [4]
__aeabi_i2d             0x08014ec9          Code  Gb  I32ToDbl.o [4]
__aeabi_i2f             0x0801cca9          Code  Gb  I32ToFlt.o [4]
__aeabi_ldiv0           0x080150f5          Code  Gb  I64DivZer.o [5]
__aeabi_memclr4         0x080181cd          Code  Gb  ABImemclr4.o [5]
__aeabi_memcpy          0x08014999          Code  Gb  ABImemcpy.o [5]
__aeabi_memcpy4         0x080149b9          Code  Gb  ABImemcpy.o [5]
__aeabi_memcpy8         0x080149b9          Code  Gb  ABImemcpy.o [5]
__aeabi_memset          0x0801e975          Code  Gb  ABImemset.o [5]
__aeabi_ui2d            0x08014edd          Code  Gb  I32ToDbl.o [4]
__aeabi_uldivmod        0x08014891          Code  Gb  I64DivMod.o [5]
__cmain                 0x08021f3d          Code  Gb  cmain.o [5]
__exit                  0x08021f69    0x14  Code  Gb  exit.o [6]
__iar_Dnorm             0x08014a0f    0x44  Code  Gb  xdnorm.o [4]
__iar_Dscale            0x0801a975   0x106  Code  Gb  xdscale.o [4]
__iar_Dtentox           0x0801b05b   0x130  Code  Gb  xdtento.o [4]
__iar_Errno             0x20009e64     0x4  Data  Gb  errno.o [3]
__iar_Locale_lconv_init
                        0x08015079    0x3a  Code  Gb  localeconv.o [3]
__iar_Memchr            0x08014839          Code  Gb  memchr.o [5]
__iar_Memset            0x0801e975          Code  Gb  ABImemset.o [5]
__iar_Memset4_word      0x080190c1          Code  Gb  ABImemset48.o [5]
__iar_Memset8_word      0x080190c1          Code  Gb  ABImemset48.o [5]
__iar_Memset_word       0x0801e97d          Code  Gb  ABImemset.o [5]
__iar_SB                0x0802261e          Data  Gb  bwt_init3c.o [5]
__iar_Stdout            0x20004050    0x40  Data  Gb  xfiles.o [3]
__iar_Stold             0x0801a971     0x4  Code  Gb  xstold.o [4]
__iar_Stoldx            0x0801a825   0x140  Code  Gb  xstold.o [4]
__iar_Stoll             0x0801a657     0x4  Code  Gb  xstoll.o [3]
__iar_Stollx            0x0801a5b9    0x9e  Code  Gb  xstoll.o [3]
__iar_Stoull            0x0801a7d1     0x4  Code  Gb  xstoull.o [3]
__iar_Stoullx           0x0801a65d   0x174  Code  Gb  xstoull.o [3]
__iar_Strchr            0x080147ad          Code  Gb  strchr.o [5]
__iar_Strstr            0x08019095    0x2c  Code  Gb  strstr.o [3]
__iar_copy_init3        0x0801477f    0x2e  Code  Gb  copy_init3.o [5]
__iar_d2uiz             0x08014ea9          Code  Gb  DblToI32.o [4]
__iar_dadd              0x0801510d          Code  Gb  DblAdd.o [4]
__iar_data_init3        0x08021945    0x2c  Code  Gb  data_init3.o [5]
__iar_default_requirements$$_Printf<unknown>printf {Abs}
                        0x00000000           --   Gb  printf.o [3]
__iar_default_requirements$$_Printf<unknown>snprintf {Abs}
                        0x00000000           --   Gb  snprintf.o [3]
__iar_default_requirements$$_Printf<unknown>sprintf {Abs}
                        0x00000000           --   Gb  sprintf.o [3]
__iar_default_requirements$$_Scanf<unknown>sscanf {Abs}
                        0x00000000           --   Gb  sscanf.o [3]
__iar_dlib_perthread_access
                        0x080151e1     0x2  Code  Gb  xtls.o [3]
__iar_dsub              0x08014f0d          Code  Gb  DblSub.o [4]
__iar_dsubStart         0x08014f1f          Code  Gb  DblSub.o [4]
__iar_program_start     0x08022419          Code  Gb  cstartup_M.o [5]
__iar_provide$$_Printf<flags,floats,int_specials,long_longs,n_formatters,qualifiers,widths>_PrintfLargeNoMb {Abs}
                        0x00000000           --   Gb  xprintflarge_nomb.o [3]
__iar_provide$$_Scanf<assign_suppressions,floats,long_longs,n_formatters,scansets>_ScanfFullNoMb {Abs}
                        0x00000000           --   Gb  xscanffull_nomb.o [3]
__iar_ui2d              0x08014ee1          Code  Gb  I32ToDbl.o [4]
__iar_ui2f              0x0801ccbd          Code  Gb  I32ToFlt.o [4]
__iar_zero_init3        0x080147c3    0x22  Code  Gb  zero_init3.o [5]
__low_level_init        0x08021f53     0x4  Code  Gb  low_level_init.o [3]
__vector_table          0x08010800          Data  Gb  startup_stm32f10x_hd.o [1]
_call_main              0x08021f49          Code  Gb  cmain.o [5]
_exit                   0x08021f5d          Code  Gb  cexit.o [5]
_main                   0x08021f4f          Code  Gb  cmain.o [5]
_memcmp                 0x080165e3    0x2a  Code  Gb  Math_Lib.o [1]
bsp_CmpCpuFlash         0x08018249    0x56  Code  Gb  bsp_cpu_flash.o [1]
bsp_GetRCCofTIM         0x0801b4c9    0xd2  Code  Gb  bsp_tim_pwm.o [1]
bsp_GetSector           0x0801823d     0xc  Code  Gb  bsp_cpu_flash.o [1]
bsp_Init                0x0801b415    0x58  Code  Gb  bsp.o [1]
bsp_InitLed             0x0801b7bd    0x90  Code  Gb  bsp_led.o [1]
bsp_InitN720_GPIO       0x08016d55    0x88  Code  Gb  bsp_N720_J.o [1]
bsp_InitRS8025T_J       0x0801663b    0x9e  Code  Gb  bsp_Rs8025t_J.o [1]
bsp_InitTemperature_J   0x0801bc09     0xc  Code  Gb  bsp_temperature_J.o [1]
bsp_InitUart            0x08017879    0x10  Code  Gb  bsp_uart_fifo.o [1]
bsp_LedOff              0x0801b88d    0x40  Code  Gb  bsp_led.o [1]
bsp_LedOn               0x0801b84d    0x40  Code  Gb  bsp_led.o [1]
bsp_RunPer10ms          0x0801b499     0x2  Code  Gb  bsp.o [1]
bsp_RunPer1ms           0x0801b497     0x2  Code  Gb  bsp.o [1]
bsp_SetTIMforInt        0x0801b59b   0x1e8  Code  Gb  bsp_tim_pwm.o [1]
bsp_SoftTimerDec        0x0801abbf    0x20  Code  Lc  bsp_timer.o [1]
bsp_WriteCpuFlash       0x0801829f    0xca  Code  Gb  bsp_cpu_flash.o [1]
check_fs                0x08011cc7    0x7e  Code  Lc  ff.o [1]
chk_chr                 0x08010987    0x14  Code  Lc  ff.o [1]
clust2sect              0x08010b0b    0x1a  Code  Gb  ff.o [1]
cmp_lfn                 0x080111ef    0xb6  Code  Lc  ff.o [1]
comClearRxFifo          0x0801795d    0x20  Code  Gb  bsp_uart_fifo.o [1]
comClearTxFifo          0x0801793d    0x20  Code  Gb  bsp_uart_fifo.o [1]
comGetBuf               0x08017907    0x36  Code  Gb  bsp_uart_fifo.o [1]
comSendBuf              0x080178c7    0x2e  Code  Gb  bsp_uart_fifo.o [1]
comSendChar             0x080178f5    0x12  Code  Gb  bsp_uart_fifo.o [1]
create_chain            0x08010e45    0xea  Code  Lc  ff.o [1]
create_name             0x0801193b   0x2ac  Code  Lc  ff.o [1]
digits                  0x0801a7d4    0x28  Data  Lc  xstoull.o [3]
dir_alloc               0x08011149    0x66  Code  Lc  ff.o [1]
dir_find                0x080114a3   0x116  Code  Lc  ff.o [1]
dir_next                0x08011001   0x148  Code  Lc  ff.o [1]
dir_read                0x080115b9   0x10c  Code  Lc  ff.o [1]
dir_register            0x080116c5   0x14e  Code  Lc  ff.o [1]
dir_sdi                 0x08010f2f    0xd2  Code  Lc  ff.o [1]
disk_initialize         0x0801320d    0x40  Code  Gb  diskio.o [1]
disk_ioctl              0x080132e1    0x48  Code  Gb  diskio.o [1]
disk_read               0x0801324d    0x40  Code  Gb  diskio.o [1]
disk_status             0x080131d9    0x34  Code  Gb  diskio.o [1]
disk_write              0x0801328d    0x54  Code  Gb  diskio.o [1]
div                     0x080150e5     0xe  Code  Gb  div.o [3]
dmul                    0x0801b009    0x52  Code  Lc  xdtento.o [4]
exit                    0x08021f57     0x4  Code  Gb  exit.o [3]
f_close                 0x08012971    0x2a  Code  Gb  ff.o [1]
f_mkfs                  0x08012ab1   0x70a  Code  Gb  ff.o [1]
f_mount                 0x08012207    0x60  Code  Gb  ff.o [1]
f_open                  0x08012267   0x1aa  Code  Gb  ff.o [1]
f_opendir               0x0801299b    0x8e  Code  Gb  ff.o [1]
f_read                  0x08012425   0x25e  Code  Gb  ff.o [1]
f_readdir               0x08012a29    0x76  Code  Gb  ff.o [1]
f_sync                  0x080128bb    0xb6  Code  Gb  ff.o [1]
f_write                 0x08012683   0x238  Code  Gb  ff.o [1]
ff_convert              0x08013335    0x52  Code  Gb  ccsbcs.o [1]
ff_wtoupper             0x08013387    0x64  Code  Gb  ccsbcs.o [1]
find_volume             0x08011d4d   0x484  Code  Lc  ff.o [1]
fit_lfn                 0x08011331    0x84  Code  Lc  ff.o [1]
fnew                    0x680119f0  0x1024  Data  Gb  GateWayVariable.o [1]
fnum                    0x68012b84     0x4  Data  Gb  GateWayVariable.o [1]
follow_path             0x08011be7    0x90  Code  Lc  ff.o [1]
fputc                   0x08017ff1    0x14  Code  Gb  bsp_uart_fifo.o [1]
fs                      0x680109c0  0x1030  Data  Gb  GateWayVariable.o [1]
g_RxBuf1                0x2000739c   0x400  Data  Lc  bsp_uart_fifo.o [1]
g_RxBuf2                0x200048bc   0x800  Data  Lc  bsp_uart_fifo.o [1]
g_RxBuf3                0x20007f9c   0x400  Data  Lc  bsp_uart_fifo.o [1]
g_TxBuf1                0x20006f9c   0x400  Data  Lc  bsp_uart_fifo.o [1]
g_TxBuf2                0x2000779c   0x400  Data  Lc  bsp_uart_fifo.o [1]
g_TxBuf3                0x20007b9c   0x400  Data  Lc  bsp_uart_fifo.o [1]
g_iRunTime              0x20009e0c     0x4  Data  Gb  bsp_timer.o [1]
g_tUart1                0x20009bdc    0x28  Data  Lc  bsp_uart_fifo.o [1]
g_tUart2                0x20009c04    0x28  Data  Lc  bsp_uart_fifo.o [1]
g_tUart3                0x20009c2c    0x28  Data  Lc  bsp_uart_fifo.o [1]
gen_numname             0x080113b5    0xd0  Code  Lc  ff.o [1]
get_fat                 0x08010b25   0x130  Code  Gb  ff.o [1]
get_fattime             0x08013329     0x4  Code  Wk  diskio.o [1]
get_fileinfo            0x08011813   0x128  Code  Lc  ff.o [1]
get_ldnumber            0x08011c77    0x50  Code  Lc  ff.o [1]
iap_load_app            0x0801f39f    0x50  Code  Gb  bsp_IAP.o [1]
isalpha                 0x0801a591    0x14  Code  Gb  isxxx.o [3]
isspace                 0x0801a5a5    0x14  Code  Gb  isxxx.o [3]
ld_clust                0x080111af    0x28  Code  Lc  ff.o [1]
localeconv              0x080150b3    0x16  Code  Gb  localeconv.o [3]
main                    0x08020b31    0x46  Code  Gb  app.o [1]
mem_cmp                 0x08010963    0x24  Code  Lc  ff.o [1]
mem_cpy                 0x08010931    0x1c  Code  Lc  ff.o [1]
mem_set                 0x0801094d    0x16  Code  Lc  ff.o [1]
memchr                  0x08014839          Code  Gb  memchr.o [5]
memcmp                  0x0801e7e1          Code  Gb  memcmp.o [5]
memcpy                  0x080164a9    0x16  Code  Gb  cJSON.o [1]
memset                  0x0801e95f    0x16  Code  Gb  cJSON.o [1]
move_window             0x080109f5    0x40  Code  Lc  ff.o [1]
ndigs                   0x0801a7fc    0x28  Data  Lc  xstoull.o [3]
obuf                    0x20009b00    0x50  Data  Lc  xfiles.o [3]
pick_lfn                0x080112a5    0x8c  Code  Lc  ff.o [1]
pows                    0x0801b1a0    0x48  Data  Lc  xdtento.o [4]
printf                  0x08013bfd    0x24  Code  Gb  printf.o [3]
put_fat                 0x08010c55   0x17a  Code  Gb  ff.o [1]
putchar                 0x08021f95     0xc  Code  Gb  putchar.o [3]
queueCreate             0x0801e843    0x62  Code  Gb  ZLG_Queue.o [1]
queueNData              0x0801e951     0xe  Code  Gb  ZLG_Queue.o [1]
queueRead               0x0801e8a5    0x56  Code  Gb  ZLG_Queue.o [1]
queueWrite              0x0801e8fb    0x56  Code  Gb  ZLG_Queue.o [1]
remove_chain            0x08010dcf    0x76  Code  Lc  ff.o [1]
result                  0x68012b88     0x1  Data  Gb  GateWayVariable.o [1]
s_TIM_CallBack1         0x20009e10     0x4  Data  Lc  bsp_timer.o [1]
s_TIM_CallBack2         0x20009e14     0x4  Data  Lc  bsp_timer.o [1]
s_TIM_CallBack3         0x20009e18     0x4  Data  Lc  bsp_timer.o [1]
s_TIM_CallBack4         0x20009e1c     0x4  Data  Lc  bsp_timer.o [1]
s_tTmr                  0x20009b80    0x30  Data  Lc  bsp_timer.o [1]
s_ucTimeOutFlag         0x20009e9a     0x1  Data  Lc  bsp_timer.o [1]
s_uiDelayCount          0x20009e08     0x4  Data  Lc  bsp_timer.o [1]
snprintf                0x080181f9    0x44  Code  Gb  snprintf.o [3]
sscanf                  0x080181d5    0x24  Code  Gb  sscanf.o [3]
st_clust                0x080111d7    0x18  Code  Lc  ff.o [1]
strchr                  0x080147ad          Code  Gb  strchr.o [5]
strlen                  0x080147e5          Code  Gb  strlen.o [5]
strstr                  0x080181bd    0x10  Code  Gb  bsp_N720_J.o [1]
sum_sfn                 0x08011485    0x1e  Code  Lc  ff.o [1]
sync_fs                 0x08010a35    0xd6  Code  Lc  ff.o [1]
sync_window             0x0801099b    0x5a  Code  Lc  ff.o [1]
tolower                 0x0801ad01    0x14  Code  Gb  tolower.o [3]
validate                0x080121d1    0x36  Code  Lc  ff.o [1]


[1] = G:\¾«³Ï¹«Ë¾\ÏîÄ¿-Ðí²©Ô´\STM32Ô¶³ÌÉý¼¶\STM32_IAP\0---UCOSII¹«°æ2019.01.22\Project\EWARMv6\Flash\Obj
[2] = command line
[3] = dl7M_tlf.a
[4] = m7M_tl.a
[5] = rt7M_tl.a
[6] = shb_l.a

   66 660 bytes of readonly  code memory
    6 776 bytes of readonly  data memory
  117 296 bytes of readwrite data memory

Errors: none
Warnings: none
